Archive member included to satisfy reference by file (symbol)

/usr/lib/gcc/arm-none-eabi/4.9.3/../../../arm-none-eabi/lib/armv7e-m/fpu/libc_nano.a(lib_a-atexit.o)
                              /usr/lib/gcc/arm-none-eabi/4.9.3/../../../arm-none-eabi/lib/armv7e-m/fpu/crt0.o (atexit)
/usr/lib/gcc/arm-none-eabi/4.9.3/../../../arm-none-eabi/lib/armv7e-m/fpu/libc_nano.a(lib_a-ctype_.o)
                              _build/nrf52832_xxaa/nrf_log_str_formatter.c.o (__ctype_ptr__)
/usr/lib/gcc/arm-none-eabi/4.9.3/../../../arm-none-eabi/lib/armv7e-m/fpu/libc_nano.a(lib_a-exit.o)
                              /usr/lib/gcc/arm-none-eabi/4.9.3/../../../arm-none-eabi/lib/armv7e-m/fpu/crt0.o (exit)
/usr/lib/gcc/arm-none-eabi/4.9.3/../../../arm-none-eabi/lib/armv7e-m/fpu/libc_nano.a(lib_a-fini.o)
                              /usr/lib/gcc/arm-none-eabi/4.9.3/../../../arm-none-eabi/lib/armv7e-m/fpu/crt0.o (__libc_fini_array)
/usr/lib/gcc/arm-none-eabi/4.9.3/../../../arm-none-eabi/lib/armv7e-m/fpu/libc_nano.a(lib_a-impure.o)
                              /usr/lib/gcc/arm-none-eabi/4.9.3/../../../arm-none-eabi/lib/armv7e-m/fpu/libc_nano.a(lib_a-exit.o) (_global_impure_ptr)
/usr/lib/gcc/arm-none-eabi/4.9.3/../../../arm-none-eabi/lib/armv7e-m/fpu/libc_nano.a(lib_a-init.o)
                              /usr/lib/gcc/arm-none-eabi/4.9.3/../../../arm-none-eabi/lib/armv7e-m/fpu/crt0.o (__libc_init_array)
/usr/lib/gcc/arm-none-eabi/4.9.3/../../../arm-none-eabi/lib/armv7e-m/fpu/libc_nano.a(lib_a-memcpy.o)
                              _build/nrf52832_xxaa/nrf_log_frontend.c.o (memcpy)
/usr/lib/gcc/arm-none-eabi/4.9.3/../../../arm-none-eabi/lib/armv7e-m/fpu/libc_nano.a(lib_a-memset.o)
                              /usr/lib/gcc/arm-none-eabi/4.9.3/../../../arm-none-eabi/lib/armv7e-m/fpu/crt0.o (memset)
/usr/lib/gcc/arm-none-eabi/4.9.3/../../../arm-none-eabi/lib/armv7e-m/fpu/libc_nano.a(lib_a-strcpy.o)
                              _build/nrf52832_xxaa/SEGGER_RTT.c.o (strcpy)
/usr/lib/gcc/arm-none-eabi/4.9.3/../../../arm-none-eabi/lib/armv7e-m/fpu/libc_nano.a(lib_a-strlen.o)
                              _build/nrf52832_xxaa/nrf_log_frontend.c.o (strlen)
/usr/lib/gcc/arm-none-eabi/4.9.3/../../../arm-none-eabi/lib/armv7e-m/fpu/libc_nano.a(lib_a-__atexit.o)
                              /usr/lib/gcc/arm-none-eabi/4.9.3/../../../arm-none-eabi/lib/armv7e-m/fpu/libc_nano.a(lib_a-atexit.o) (__register_exitproc)
/usr/lib/gcc/arm-none-eabi/4.9.3/../../../arm-none-eabi/lib/armv7e-m/fpu/libc_nano.a(lib_a-__call_atexit.o)
                              /usr/lib/gcc/arm-none-eabi/4.9.3/../../../arm-none-eabi/lib/armv7e-m/fpu/libc_nano.a(lib_a-__atexit.o) (__call_exitprocs)
/usr/lib/gcc/arm-none-eabi/4.9.3/../../../arm-none-eabi/lib/armv7e-m/fpu/libnosys.a(_exit.o)
                              /usr/lib/gcc/arm-none-eabi/4.9.3/../../../arm-none-eabi/lib/armv7e-m/fpu/libc_nano.a(lib_a-exit.o) (_exit)
/usr/lib/gcc/arm-none-eabi/4.9.3/armv7e-m/fpu/libgcc.a(_aeabi_uldivmod.o)
                              _build/nrf52832_xxaa/bsp.c.o (__aeabi_uldivmod)
/usr/lib/gcc/arm-none-eabi/4.9.3/armv7e-m/fpu/libgcc.a(bpabi.o)
                              /usr/lib/gcc/arm-none-eabi/4.9.3/armv7e-m/fpu/libgcc.a(_aeabi_uldivmod.o) (__gnu_uldivmod_helper)
/usr/lib/gcc/arm-none-eabi/4.9.3/armv7e-m/fpu/libgcc.a(_dvmd_tls.o)
                              /usr/lib/gcc/arm-none-eabi/4.9.3/armv7e-m/fpu/libgcc.a(_aeabi_uldivmod.o) (__aeabi_ldiv0)
/usr/lib/gcc/arm-none-eabi/4.9.3/armv7e-m/fpu/libgcc.a(_divdi3.o)
                              /usr/lib/gcc/arm-none-eabi/4.9.3/armv7e-m/fpu/libgcc.a(bpabi.o) (__divdi3)
/usr/lib/gcc/arm-none-eabi/4.9.3/armv7e-m/fpu/libgcc.a(_udivdi3.o)
                              /usr/lib/gcc/arm-none-eabi/4.9.3/armv7e-m/fpu/libgcc.a(bpabi.o) (__udivdi3)

Allocating common symbols
Common symbol       size              file

nrf_nvic_state      0xc               _build/nrf52832_xxaa/app_util_platform.c.o
_SEGGER_RTT         0x78              _build/nrf52832_xxaa/SEGGER_RTT.c.o

Discarded input sections

 .text          0x0000000000000000        0x0 /usr/lib/gcc/arm-none-eabi/4.9.3/armv7e-m/fpu/crti.o
 .data          0x0000000000000000        0x0 /usr/lib/gcc/arm-none-eabi/4.9.3/armv7e-m/fpu/crti.o
 .bss           0x0000000000000000        0x0 /usr/lib/gcc/arm-none-eabi/4.9.3/armv7e-m/fpu/crti.o
 .data          0x0000000000000000        0x4 /usr/lib/gcc/arm-none-eabi/4.9.3/armv7e-m/fpu/crtbegin.o
 .data          0x0000000000000000        0x0 /usr/lib/gcc/arm-none-eabi/4.9.3/../../../arm-none-eabi/lib/armv7e-m/fpu/crt0.o
 .bss           0x0000000000000000        0x0 /usr/lib/gcc/arm-none-eabi/4.9.3/../../../arm-none-eabi/lib/armv7e-m/fpu/crt0.o
 .ARM.extab     0x0000000000000000        0x0 /usr/lib/gcc/arm-none-eabi/4.9.3/../../../arm-none-eabi/lib/armv7e-m/fpu/crt0.o
 .group         0x0000000000000000        0x8 _build/nrf52832_xxaa/boards.c.o
 .group         0x0000000000000000        0x8 _build/nrf52832_xxaa/boards.c.o
[...]
Memory Configuration

Name             Origin             Length             Attributes
FLASH            0x0000000000023000 0x000000000005d000 xr
RAM              0x0000000020001720 0x000000000000e8e0 xrw
*default*        0x0000000000000000 0xffffffffffffffff

Linker script and memory map


.text           0x0000000000023000     0x5cd0
 *(.isr_vector)
 .isr_vector    0x0000000000023000      0x200 _build/nrf52832_xxaa/gcc_startup_nrf52.S.o
                0x0000000000023000                __isr_vector
 *(.text*)
 .text          0x0000000000023200       0xa4 /usr/lib/gcc/arm-none-eabi/4.9.3/armv7e-m/fpu/crtbegin.o
 .text          0x00000000000232a4       0x68 /usr/lib/gcc/arm-none-eabi/4.9.3/../../../arm-none-eabi/lib/armv7e-m/fpu/crt0.o
                0x00000000000232a4                _mainCRTStartup
                0x00000000000232a4                _start
 .text.bsp_board_led_state_get
                0x000000000002330c       0x1c _build/nrf52832_xxaa/boards.c.o
                0x000000000002330c                bsp_board_led_state_get
 .text.bsp_board_led_on
                0x0000000000023328       0x18 _build/nrf52832_xxaa/boards.c.o
                0x0000000000023328                bsp_board_led_on
 .text.bsp_board_led_off
                0x0000000000023340       0x18 _build/nrf52832_xxaa/boards.c.o
                0x0000000000023340                bsp_board_led_off
 .text.bsp_board_leds_off
                0x0000000000023358       0x2c _build/nrf52832_xxaa/boards.c.o
                0x0000000000023358                bsp_board_leds_off
 .text.bsp_board_leds_on
                0x0000000000023384       0x2c _build/nrf52832_xxaa/boards.c.o
                0x0000000000023384                bsp_board_leds_on
 .text.bsp_board_led_invert
                0x00000000000233b0       0x24 _build/nrf52832_xxaa/boards.c.o
                0x00000000000233b0                bsp_board_led_invert
 .text.bsp_board_leds_init
                0x00000000000233d4       0x3c _build/nrf52832_xxaa/boards.c.o
                0x00000000000233d4                bsp_board_leds_init
 .text.bsp_board_pin_to_button_idx
                0x0000000000023410       0x24 _build/nrf52832_xxaa/boards.c.o
                0x0000000000023410                bsp_board_pin_to_button_idx
 .text.nrf_log_backend_rtt_flush
                0x0000000000023434        0x4 _build/nrf52832_xxaa/nrf_log_backend_rtt.c.o
 .text.nrf_log_backend_rtt_panic_set
                0x0000000000023438        0x4 _build/nrf52832_xxaa/nrf_log_backend_rtt.c.o
 .text.nrf_log_backend_rtt_put
                0x000000000002343c       0x20 _build/nrf52832_xxaa/nrf_log_backend_rtt.c.o
 .text.serial_tx
                0x000000000002345c       0x28 _build/nrf52832_xxaa/nrf_log_backend_rtt.c.o
 .text.nrf_log_backend_rtt_init
                0x0000000000023484        0x4 _build/nrf52832_xxaa/nrf_log_backend_rtt.c.o
                0x0000000000023484                nrf_log_backend_rtt_init
 .text.nrf_log_backend_serial_put
                0x0000000000023488       0xe0 _build/nrf52832_xxaa/nrf_log_backend_serial.c.o
                0x0000000000023488                nrf_log_backend_serial_put
 .text.nrf_log_default_backends_init
                0x0000000000023568       0x1c _build/nrf52832_xxaa/nrf_log_default_backends.c.o
                0x0000000000023568                nrf_log_default_backends_init
 .text.nrf_log_init
                0x0000000000023584       0x58 _build/nrf52832_xxaa/nrf_log_frontend.c.o
                0x0000000000023584                nrf_log_init
 .text.nrf_log_module_name_get
                0x00000000000235dc       0x58 _build/nrf52832_xxaa/nrf_log_frontend.c.o
                0x00000000000235dc                nrf_log_module_name_get
 .text.nrf_log_color_id_get
                0x0000000000023634       0x2c _build/nrf52832_xxaa/nrf_log_frontend.c.o
                0x0000000000023634                nrf_log_color_id_get
 .text.nrf_log_frontend_dequeue
                0x0000000000023660      0x22c _build/nrf52832_xxaa/nrf_log_frontend.c.o
                0x0000000000023660                nrf_log_frontend_dequeue
 .text.nrf_log_frontend_std_0
                0x000000000002388c      0x17c _build/nrf52832_xxaa/nrf_log_frontend.c.o
                0x000000000002388c                nrf_log_frontend_std_0
 .text.nrf_log_frontend_std_1
                0x0000000000023a08      0x18c _build/nrf52832_xxaa/nrf_log_frontend.c.o
                0x0000000000023a08                nrf_log_frontend_std_1
 .text.nrf_log_frontend_std_2
                0x0000000000023b94      0x1a0 _build/nrf52832_xxaa/nrf_log_frontend.c.o
                0x0000000000023b94                nrf_log_frontend_std_2
 .text.nrf_log_backend_add
                0x0000000000023d34       0x58 _build/nrf52832_xxaa/nrf_log_frontend.c.o
                0x0000000000023d34                nrf_log_backend_add
 .text.nrf_log_panic
                0x0000000000023d8c       0x28 _build/nrf52832_xxaa/nrf_log_frontend.c.o
                0x0000000000023d8c                nrf_log_panic
 .text.nrf_log_std_entry_process
                0x0000000000023db4      0x130 _build/nrf52832_xxaa/nrf_log_str_formatter.c.o
                0x0000000000023db4                nrf_log_std_entry_process
 .text.nrf_log_hexdump_entry_process
                0x0000000000023ee4      0x124 _build/nrf52832_xxaa/nrf_log_str_formatter.c.o
                0x0000000000023ee4                nrf_log_hexdump_entry_process
 .text.detection_delay_timeout_handler
                0x0000000000024008       0xa4 _build/nrf52832_xxaa/app_button.c.o
 .text.gpiote_event_handler
                0x00000000000240ac       0x5c _build/nrf52832_xxaa/app_button.c.o
 .text.app_button_init
                0x0000000000024108       0xb0 _build/nrf52832_xxaa/app_button.c.o
                0x0000000000024108                app_button_init
 .text.app_button_enable
                0x00000000000241b8       0x2c _build/nrf52832_xxaa/app_button.c.o
                0x00000000000241b8                app_button_enable
 .text.app_error_handler_bare
                0x00000000000241e4       0x20 _build/nrf52832_xxaa/app_error.c.o
                0x00000000000241e4                app_error_handler_bare
 .text.app_error_fault_handler
                0x0000000000024204       0x68 _build/nrf52832_xxaa/app_error_weak.c.o
                0x0000000000024204                app_error_fault_handler
 .text.RTC1_IRQHandler
                0x000000000002426c       0xa0 _build/nrf52832_xxaa/app_timer.c.o
                0x000000000002426c                RTC1_IRQHandler
 .text.SWI0_EGU0_IRQHandler
                0x000000000002430c      0x610 _build/nrf52832_xxaa/app_timer.c.o
                0x000000000002430c                SWI0_EGU0_IRQHandler
 .text.app_timer_init
                0x000000000002491c      0x194 _build/nrf52832_xxaa/app_timer.c.o
                0x000000000002491c                app_timer_init
 .text.app_timer_create
                0x0000000000024ab0       0x24 _build/nrf52832_xxaa/app_timer.c.o
                0x0000000000024ab0                app_timer_create
 .text.app_timer_start
                0x0000000000024ad4       0xb4 _build/nrf52832_xxaa/app_timer.c.o
                0x0000000000024ad4                app_timer_start
 .text.app_timer_stop
                0x0000000000024b88       0x78 _build/nrf52832_xxaa/app_timer.c.o
                0x0000000000024b88                app_timer_stop
 .text.app_util_critical_region_enter
                0x0000000000024c00       0x50 _build/nrf52832_xxaa/app_util_platform.c.o
                0x0000000000024c00                app_util_critical_region_enter
 .text.app_util_critical_region_exit
                0x0000000000024c50       0x30 _build/nrf52832_xxaa/app_util_platform.c.o
                0x0000000000024c50                app_util_critical_region_exit
 .text.nrf_balloc_init
                0x0000000000024c80       0x38 _build/nrf52832_xxaa/nrf_balloc.c.o
                0x0000000000024c80                nrf_balloc_init
 .text.nrf_balloc_alloc
                0x0000000000024cb8       0x50 _build/nrf52832_xxaa/nrf_balloc.c.o
                0x0000000000024cb8                nrf_balloc_alloc
 .text.nrf_balloc_free
                0x0000000000024d08       0x38 _build/nrf52832_xxaa/nrf_balloc.c.o
                0x0000000000024d08                nrf_balloc_free
 .text.nrf_fprintf_buffer_flush
                0x0000000000024d40       0x18 _build/nrf52832_xxaa/nrf_fprintf.c.o
                0x0000000000024d40                nrf_fprintf_buffer_flush
 .text.nrf_fprintf
                0x0000000000024d58       0x20 _build/nrf52832_xxaa/nrf_fprintf.c.o
                0x0000000000024d58                nrf_fprintf
 .text.unsigned_print
                0x0000000000024d78      0x108 _build/nrf52832_xxaa/nrf_fprintf_format.c.o
 .text.nrf_fprintf_fmt
                0x0000000000024e80      0x500 _build/nrf52832_xxaa/nrf_fprintf_format.c.o
                0x0000000000024e80                nrf_fprintf_fmt
 .text.nrf_memobj_pool_init
                0x0000000000025380        0x4 _build/nrf52832_xxaa/nrf_memobj.c.o
                0x0000000000025380                nrf_memobj_pool_init
 .text.nrf_memobj_alloc
                0x0000000000025384       0x8c _build/nrf52832_xxaa/nrf_memobj.c.o
                0x0000000000025384                nrf_memobj_alloc
 .text.nrf_memobj_get
                0x0000000000025410       0x20 _build/nrf52832_xxaa/nrf_memobj.c.o
                0x0000000000025410                nrf_memobj_get
 .text.nrf_memobj_put
                0x0000000000025430       0x4c _build/nrf52832_xxaa/nrf_memobj.c.o
                0x0000000000025430                nrf_memobj_put
 .text.nrf_memobj_write
                0x000000000002547c       0x50 _build/nrf52832_xxaa/nrf_memobj.c.o
                0x000000000002547c                nrf_memobj_write
 .text.nrf_memobj_read
                0x00000000000254cc       0x50 _build/nrf52832_xxaa/nrf_memobj.c.o
                0x00000000000254cc                nrf_memobj_read
 .text.nrf_section_iter_init
                0x000000000002551c       0x14 _build/nrf52832_xxaa/nrf_section_iter.c.o
                0x000000000002551c                nrf_section_iter_init
 .text.nrf_section_iter_next
                0x0000000000025530       0x18 _build/nrf52832_xxaa/nrf_section_iter.c.o
                0x0000000000025530                nrf_section_iter_next
 .text.nrf_strerror_get
                0x0000000000025548       0x6c _build/nrf52832_xxaa/nrf_strerror.c.o
                0x0000000000025548                nrf_strerror_get
 .text.soc_evt_handler
                0x00000000000255b4       0x24 _build/nrf52832_xxaa/nrf_drv_clock.c.o
 .text.sd_state_evt_handler
                0x00000000000255d8       0xc0 _build/nrf52832_xxaa/nrf_drv_clock.c.o
 .text.POWER_CLOCK_IRQHandler
                0x0000000000025698       0x84 _build/nrf52832_xxaa/nrf_drv_clock.c.o
                0x0000000000025698                POWER_CLOCK_IRQHandler
 .text.nrf_drv_common_irq_enable
                0x000000000002571c       0x50 _build/nrf52832_xxaa/nrf_drv_common.c.o
                0x000000000002571c                nrf_drv_common_irq_enable
 .text.nrf_drv_gpiote_init
                0x000000000002576c       0x84 _build/nrf52832_xxaa/nrf_drv_gpiote.c.o
                0x000000000002576c                nrf_drv_gpiote_init
 .text.nrf_drv_gpiote_is_init
                0x00000000000257f0       0x14 _build/nrf52832_xxaa/nrf_drv_gpiote.c.o
                0x00000000000257f0                nrf_drv_gpiote_is_init
 .text.nrf_drv_gpiote_in_init
                0x0000000000025804      0x194 _build/nrf52832_xxaa/nrf_drv_gpiote.c.o
                0x0000000000025804                nrf_drv_gpiote_in_init
 .text.nrf_drv_gpiote_in_event_enable
                0x0000000000025998       0xc4 _build/nrf52832_xxaa/nrf_drv_gpiote.c.o
                0x0000000000025998                nrf_drv_gpiote_in_event_enable
 .text.nrf_drv_gpiote_in_is_set
                0x0000000000025a5c       0x14 _build/nrf52832_xxaa/nrf_drv_gpiote.c.o
                0x0000000000025a5c                nrf_drv_gpiote_in_is_set
 .text.GPIOTE_IRQHandler
                0x0000000000025a70      0x2c8 _build/nrf52832_xxaa/nrf_drv_gpiote.c.o
                0x0000000000025a70                GPIOTE_IRQHandler
 .text.UARTE0_UART0_IRQHandler
                0x0000000000025d38      0x2fc _build/nrf52832_xxaa/nrf_drv_uart.c.o
                0x0000000000025d38                UARTE0_UART0_IRQHandler
 .text.alert_timer_handler
                0x0000000000026034        0x8 _build/nrf52832_xxaa/bsp.c.o
 .text.bsp_button_event_handler
                0x000000000002603c       0xa4 _build/nrf52832_xxaa/bsp.c.o
 .text.button_timer_handler
                0x00000000000260e0       0x30 _build/nrf52832_xxaa/bsp.c.o
 .text.leds_timer_handler
                0x0000000000026110      0x2e8 _build/nrf52832_xxaa/bsp.c.o
 .text.bsp_indication_set
                0x00000000000263f8      0x32c _build/nrf52832_xxaa/bsp.c.o
                0x00000000000263f8                bsp_indication_set
 .text.bsp_init
                0x0000000000026724       0xb0 _build/nrf52832_xxaa/bsp.c.o
                0x0000000000026724                bsp_init
 .text.sd_app_evt_wait
                0x00000000000267d4        0x4 _build/nrf52832_xxaa/main.c.o
 .text.sd_ble_gap_adv_start
                0x00000000000267d8        0x4 _build/nrf52832_xxaa/main.c.o
 .text.startup.main
                0x00000000000267dc      0x100 _build/nrf52832_xxaa/main.c.o
                0x00000000000267dc                main
 .text.SEGGER_RTT_WriteNoLock
                0x00000000000268dc      0x18c _build/nrf52832_xxaa/SEGGER_RTT.c.o
                0x00000000000268dc                SEGGER_RTT_WriteNoLock
 .text.SEGGER_RTT_Init
                0x0000000000026a68       0x60 _build/nrf52832_xxaa/SEGGER_RTT.c.o
                0x0000000000026a68                SEGGER_RTT_Init
 .text.sd_ble_gap_addr_get
                0x0000000000026ac8        0x4 _build/nrf52832_xxaa/ble_advdata.c.o
 .text.sd_ble_gap_adv_data_set
                0x0000000000026acc        0x4 _build/nrf52832_xxaa/ble_advdata.c.o
 .text.sd_ble_gap_appearance_get
                0x0000000000026ad0        0x4 _build/nrf52832_xxaa/ble_advdata.c.o
 .text.sd_ble_gap_device_name_get
                0x0000000000026ad4        0x4 _build/nrf52832_xxaa/ble_advdata.c.o
 .text.sd_ble_uuid_encode
                0x0000000000026ad8        0x4 _build/nrf52832_xxaa/ble_advdata.c.o
 .text.name_encode
                0x0000000000026adc       0x90 _build/nrf52832_xxaa/ble_advdata.c.o
 .text.uuid_list_sized_encode
                0x0000000000026b6c       0xc0 _build/nrf52832_xxaa/ble_advdata.c.o
 .text.ble_advdata_encode
                0x0000000000026c2c      0x37c _build/nrf52832_xxaa/ble_advdata.c.o
                0x0000000000026c2c                ble_advdata_encode
 .text.ble_advdata_set
                0x0000000000026fa8      0x460 _build/nrf52832_xxaa/ble_advdata.c.o
                0x0000000000026fa8                ble_advdata_set
 .text          0x0000000000027408       0x3c _build/nrf52832_xxaa/gcc_startup_nrf52.S.o
                0x0000000000027408                Reset_Handler
                0x0000000000027430                NMI_Handler
                0x0000000000027432                HardFault_Handler
                0x0000000000027434                MemoryManagement_Handler
                0x0000000000027436                BusFault_Handler
                0x0000000000027438                UsageFault_Handler
                0x000000000002743a                SVC_Handler
                0x000000000002743c                DebugMon_Handler
                0x000000000002743e                PendSV_Handler
                0x0000000000027440                SysTick_Handler
                0x0000000000027442                TIMER2_IRQHandler
                0x0000000000027442                RTC0_IRQHandler
                0x0000000000027442                PWM1_IRQHandler
                0x0000000000027442                RADIO_IRQHandler
                0x0000000000027442                PDM_IRQHandler
                0x0000000000027442                TEMP_IRQHandler
                0x0000000000027442                QDEC_IRQHandler
                0x0000000000027442                TIMER3_IRQHandler
                0x0000000000027442                FPU_IRQHandler
                0x0000000000027442                SPIM0_SPIS0_TWIM0_TWIS0_SPI0_TWI0_IRQHandler
                0x0000000000027442                TIMER4_IRQHandler
                0x0000000000027442                I2S_IRQHandler
                0x0000000000027442                SWI4_EGU4_IRQHandler
                0x0000000000027442                TIMER0_IRQHandler
                0x0000000000027442                TIMER1_IRQHandler
                0x0000000000027442                PWM2_IRQHandler
                0x0000000000027442                ECB_IRQHandler
                0x0000000000027442                SPIM1_SPIS1_TWIM1_TWIS1_SPI1_TWI1_IRQHandler
                0x0000000000027442                Default_Handler
                0x0000000000027442                SAADC_IRQHandler
                0x0000000000027442                CCM_AAR_IRQHandler
                0x0000000000027442                WDT_IRQHandler
                0x0000000000027442                SWI5_EGU5_IRQHandler
                0x0000000000027442                RNG_IRQHandler
                0x0000000000027442                RTC2_IRQHandler
                0x0000000000027442                PWM0_IRQHandler
                0x0000000000027442                SWI3_EGU3_IRQHandler
                0x0000000000027442                SWI1_EGU1_IRQHandler
                0x0000000000027442                SPIM2_SPIS2_SPI2_IRQHandler
                0x0000000000027442                NFCT_IRQHandler
                0x0000000000027442                MWU_IRQHandler
                0x0000000000027442                COMP_LPCOMP_IRQHandler
 .text.SystemInit
                0x0000000000027444      0x384 _build/nrf52832_xxaa/system_nrf52.c.o
                0x0000000000027444                SystemInit
 .text.sd_softdevice_enable
                0x00000000000277c8        0x4 _build/nrf52832_xxaa/nrf_sdh.c.o
 .text.nrf_sdh_enable_request
                0x00000000000277cc       0xfc _build/nrf52832_xxaa/nrf_sdh.c.o
                0x00000000000277cc                nrf_sdh_enable_request
 .text.nrf_sdh_is_enabled
                0x00000000000278c8        0xc _build/nrf52832_xxaa/nrf_sdh.c.o
                0x00000000000278c8                nrf_sdh_is_enabled
 .text.SWI2_EGU2_IRQHandler
                0x00000000000278d4       0x2c _build/nrf52832_xxaa/nrf_sdh.c.o
                0x00000000000278d4                SWI2_EGU2_IRQHandler
 .text.sd_ble_enable
                0x0000000000027900        0x4 _build/nrf52832_xxaa/nrf_sdh_ble.c.o
 .text.sd_ble_cfg_set
                0x0000000000027904        0x4 _build/nrf52832_xxaa/nrf_sdh_ble.c.o
 .text.sd_ble_evt_get
                0x0000000000027908        0x4 _build/nrf52832_xxaa/nrf_sdh_ble.c.o
 .text.nrf_sdh_ble_evts_poll
                0x000000000002790c       0x4c _build/nrf52832_xxaa/nrf_sdh_ble.c.o
 .text.nrf_sdh_ble_default_cfg_set
                0x0000000000027958      0x164 _build/nrf52832_xxaa/nrf_sdh_ble.c.o
                0x0000000000027958                nrf_sdh_ble_default_cfg_set
 .text.nrf_sdh_ble_enable
                0x0000000000027abc       0x74 _build/nrf52832_xxaa/nrf_sdh_ble.c.o
                0x0000000000027abc                nrf_sdh_ble_enable
 .text.sd_evt_get
                0x0000000000027b30        0x4 _build/nrf52832_xxaa/nrf_sdh_soc.c.o
 .text.nrf_sdh_soc_evts_poll
                0x0000000000027b34       0x4c _build/nrf52832_xxaa/nrf_sdh_soc.c.o
 .text.atexit   0x0000000000027b80        0xc /usr/lib/gcc/arm-none-eabi/4.9.3/../../../arm-none-eabi/lib/armv7e-m/fpu/libc_nano.a(lib_a-atexit.o)
                0x0000000000027b80                atexit
 .text.exit     0x0000000000027b8c       0x28 /usr/lib/gcc/arm-none-eabi/4.9.3/../../../arm-none-eabi/lib/armv7e-m/fpu/libc_nano.a(lib_a-exit.o)
                0x0000000000027b8c                exit
 .text.__libc_fini_array
                0x0000000000027bb4       0x28 /usr/lib/gcc/arm-none-eabi/4.9.3/../../../arm-none-eabi/lib/armv7e-m/fpu/libc_nano.a(lib_a-fini.o)
                0x0000000000027bb4                __libc_fini_array
 .text.__libc_init_array
                0x0000000000027bdc       0x4c /usr/lib/gcc/arm-none-eabi/4.9.3/../../../arm-none-eabi/lib/armv7e-m/fpu/libc_nano.a(lib_a-init.o)
                0x0000000000027bdc                __libc_init_array
 .text.memcpy   0x0000000000027c28       0x16 /usr/lib/gcc/arm-none-eabi/4.9.3/../../../arm-none-eabi/lib/armv7e-m/fpu/libc_nano.a(lib_a-memcpy.o)
                0x0000000000027c28                memcpy
 .text.memset   0x0000000000027c3e       0x10 /usr/lib/gcc/arm-none-eabi/4.9.3/../../../arm-none-eabi/lib/armv7e-m/fpu/libc_nano.a(lib_a-memset.o)
                0x0000000000027c3e                memset
 .text.strcpy   0x0000000000027c4e       0x10 /usr/lib/gcc/arm-none-eabi/4.9.3/../../../arm-none-eabi/lib/armv7e-m/fpu/libc_nano.a(lib_a-strcpy.o)
                0x0000000000027c4e                strcpy
 .text.strlen   0x0000000000027c5e       0x10 /usr/lib/gcc/arm-none-eabi/4.9.3/../../../arm-none-eabi/lib/armv7e-m/fpu/libc_nano.a(lib_a-strlen.o)
                0x0000000000027c5e                strlen
 *fill*         0x0000000000027c6e        0x2 
 .text.__register_exitproc
                0x0000000000027c70       0xb8 /usr/lib/gcc/arm-none-eabi/4.9.3/../../../arm-none-eabi/lib/armv7e-m/fpu/libc_nano.a(lib_a-__atexit.o)
                0x0000000000027c70                __register_exitproc
 .text.__call_exitprocs
                0x0000000000027d28       0xd4 /usr/lib/gcc/arm-none-eabi/4.9.3/../../../arm-none-eabi/lib/armv7e-m/fpu/libc_nano.a(lib_a-__call_atexit.o)
                0x0000000000027d28                __call_exitprocs
 .text._exit    0x0000000000027dfc        0x4 /usr/lib/gcc/arm-none-eabi/4.9.3/../../../arm-none-eabi/lib/armv7e-m/fpu/libnosys.a(_exit.o)
                0x0000000000027dfc                _exit
 .text          0x0000000000027e00       0x30 /usr/lib/gcc/arm-none-eabi/4.9.3/armv7e-m/fpu/libgcc.a(_aeabi_uldivmod.o)
                0x0000000000027e00                __aeabi_uldivmod
 .text          0x0000000000027e30       0x60 /usr/lib/gcc/arm-none-eabi/4.9.3/armv7e-m/fpu/libgcc.a(bpabi.o)
                0x0000000000027e30                __gnu_ldivmod_helper
                0x0000000000027e60                __gnu_uldivmod_helper
 .text          0x0000000000027e90        0x4 /usr/lib/gcc/arm-none-eabi/4.9.3/armv7e-m/fpu/libgcc.a(_dvmd_tls.o)
                0x0000000000027e90                __aeabi_ldiv0
                0x0000000000027e90                __aeabi_idiv0
 .text          0x0000000000027e94      0x29c /usr/lib/gcc/arm-none-eabi/4.9.3/armv7e-m/fpu/libgcc.a(_divdi3.o)
                0x0000000000027e94                __divdi3
 .text          0x0000000000028130      0x26c /usr/lib/gcc/arm-none-eabi/4.9.3/armv7e-m/fpu/libgcc.a(_udivdi3.o)
                0x0000000000028130                __udivdi3
 *(.init)
 .init          0x000000000002839c        0x4 /usr/lib/gcc/arm-none-eabi/4.9.3/armv7e-m/fpu/crti.o
                0x000000000002839c                _init
 .init          0x00000000000283a0        0x8 /usr/lib/gcc/arm-none-eabi/4.9.3/armv7e-m/fpu/crtn.o
 *(.fini)
 .fini          0x00000000000283a8        0x4 /usr/lib/gcc/arm-none-eabi/4.9.3/armv7e-m/fpu/crti.o
                0x00000000000283a8                _fini
 .fini          0x00000000000283ac        0x8 /usr/lib/gcc/arm-none-eabi/4.9.3/armv7e-m/fpu/crtn.o
 *crtbegin.o(.ctors)
 *crtbegin?.o(.ctors)
 *(EXCLUDE_FILE(*crtend.o *crtend?.o) .ctors)
 *(SORT(.ctors.*))
 *(.ctors)
 *crtbegin.o(.dtors)
 *crtbegin?.o(.dtors)
 *(EXCLUDE_FILE(*crtend.o *crtend?.o) .dtors)
 *(SORT(.dtors.*))
 *(.dtors)
 *(.rodata*)
 .rodata.m_board_led_list
                0x00000000000283b4        0x4 _build/nrf52832_xxaa/boards.c.o
 .rodata.nrf_log_backend_rtt_api
                0x00000000000283b8        0xc _build/nrf52832_xxaa/nrf_log_backend_rtt.c.o
                0x00000000000283b8                nrf_log_backend_rtt_api
 .rodata.str1.4
                0x00000000000283c4        0x4 _build/nrf52832_xxaa/nrf_log_frontend.c.o
 .rodata.mempool
                0x00000000000283c8       0x14 _build/nrf52832_xxaa/nrf_log_frontend.c.o
 .rodata.severity_names
                0x00000000000283dc       0x14 _build/nrf52832_xxaa/nrf_log_str_formatter.c.o
 .rodata.m_colors
                0x00000000000283f0       0x24 _build/nrf52832_xxaa/nrf_log_str_formatter.c.o
 .rodata.str1.4
                0x0000000000028414       0x8e _build/nrf52832_xxaa/nrf_log_str_formatter.c.o
                                         0x92 (size before relaxing)
 *fill*         0x00000000000284a2        0x2 
 .rodata.m_detection_delay_timer_id
                0x00000000000284a4        0x4 _build/nrf52832_xxaa/app_button.c.o
 .rodata.str1.4
                0x00000000000284a8       0x19 _build/nrf52832_xxaa/app_error_weak.c.o
 *fill*         0x00000000000284c1        0x3 
 .rodata.str1.4
                0x00000000000284c4        0x7 _build/nrf52832_xxaa/nrf_balloc.c.o
 *fill*         0x00000000000284cb        0x1 
 .rodata._aV2C.6815
                0x00000000000284cc       0x10 _build/nrf52832_xxaa/nrf_fprintf_format.c.o
 .rodata.str1.4
                0x00000000000284dc        0x9 _build/nrf52832_xxaa/nrf_pwr_mgmt.c.o
 *fill*         0x00000000000284e5        0x3 
 .rodata.str1.4
                0x00000000000284e8      0x308 _build/nrf52832_xxaa/nrf_strerror.c.o
 .rodata.nrf_strerror_array
                0x00000000000287f0       0xf0 _build/nrf52832_xxaa/nrf_strerror.c.o
 .rodata.m_unknown_str
                0x00000000000288e0       0x13 _build/nrf52832_xxaa/nrf_strerror.c.o
 *fill*         0x00000000000288f3        0x1 
 .rodata.str1.4
                0x00000000000288f4        0x6 _build/nrf52832_xxaa/nrf_drv_clock.c.o
 *fill*         0x00000000000288fa        0x2 
 .rodata.str1.4
                0x00000000000288fc        0x7 _build/nrf52832_xxaa/nrf_drv_gpiote.c.o
 *fill*         0x0000000000028903        0x1 
 .rodata.str1.4
                0x0000000000028904        0x5 _build/nrf52832_xxaa/nrf_drv_uart.c.o
 *fill*         0x0000000000028909        0x3 
 .rodata.m_button_timer_id
                0x000000000002890c        0x4 _build/nrf52832_xxaa/bsp.c.o
 .rodata.m_leds_timer_id
                0x0000000000028910        0x4 _build/nrf52832_xxaa/bsp.c.o
 .rodata.app_buttons
                0x0000000000028914       0x20 _build/nrf52832_xxaa/bsp.c.o
 .rodata.m_alert_timer_id
                0x0000000000028934        0x4 _build/nrf52832_xxaa/bsp.c.o
 .rodata.str1.4
                0x0000000000028938       0x18 _build/nrf52832_xxaa/main.c.o
 .rodata.str1.4
                0x0000000000028950       0x17 _build/nrf52832_xxaa/SEGGER_RTT.c.o
 *fill*         0x0000000000028967        0x1 
 .rodata        0x0000000000028968        0x4 _build/nrf52832_xxaa/nrf_sdh.c.o
 .rodata.sdh_req_observers
                0x000000000002896c        0xc _build/nrf52832_xxaa/nrf_sdh.c.o
 .rodata.sdh_state_observers
                0x0000000000028978        0xc _build/nrf52832_xxaa/nrf_sdh.c.o
 .rodata.str1.4
                0x0000000000028984        0x8 _build/nrf52832_xxaa/nrf_sdh.c.o
 .rodata.sdh_stack_observers
                0x000000000002898c        0xc _build/nrf52832_xxaa/nrf_sdh.c.o
 .rodata.sdh_ble_observers
                0x0000000000028998        0xc _build/nrf52832_xxaa/nrf_sdh_ble.c.o
 .rodata.str1.4
                0x00000000000289a4      0x208 _build/nrf52832_xxaa/nrf_sdh_ble.c.o
 .rodata.sdh_soc_observers
                0x0000000000028bac        0xc _build/nrf52832_xxaa/nrf_sdh_soc.c.o
 .rodata.str1.4
                0x0000000000028bb8        0xc _build/nrf52832_xxaa/nrf_sdh_soc.c.o
 .rodata._ctype_
                0x0000000000028bc4      0x101 /usr/lib/gcc/arm-none-eabi/4.9.3/../../../arm-none-eabi/lib/armv7e-m/fpu/libc_nano.a(lib_a-ctype_.o)
                0x0000000000028bc4                _ctype_
 .rodata.str1.1
                0x0000000000028cc5        0x2 /usr/lib/gcc/arm-none-eabi/4.9.3/../../../arm-none-eabi/lib/armv7e-m/fpu/libc_nano.a(lib_a-impure.o)
 *fill*         0x0000000000028cc7        0x1 
 .rodata._global_impure_ptr
                0x0000000000028cc8        0x4 /usr/lib/gcc/arm-none-eabi/4.9.3/../../../arm-none-eabi/lib/armv7e-m/fpu/libc_nano.a(lib_a-impure.o)
                0x0000000000028cc8                _global_impure_ptr
 *(.eh_frame*)
 .eh_frame      0x0000000000028ccc        0x0 /usr/lib/gcc/arm-none-eabi/4.9.3/armv7e-m/fpu/crtbegin.o
 .eh_frame      0x0000000000028ccc        0x4 /usr/lib/gcc/arm-none-eabi/4.9.3/armv7e-m/fpu/crtend.o

.glue_7         0x0000000000028cd0        0x0
 .glue_7        0x0000000000028cd0        0x0 linker stubs

.glue_7t        0x0000000000028cd0        0x0
 .glue_7t       0x0000000000028cd0        0x0 linker stubs

.vfp11_veneer   0x0000000000028cd0        0x0
 .vfp11_veneer  0x0000000000028cd0        0x0 linker stubs

.v4_bx          0x0000000000028cd0        0x0
 .v4_bx         0x0000000000028cd0        0x0 linker stubs

.iplt           0x0000000000028cd0        0x0
 .iplt          0x0000000000028cd0        0x0 /usr/lib/gcc/arm-none-eabi/4.9.3/armv7e-m/fpu/crtbegin.o

.mem_section_dummy_rom

.sdh_soc_observers
                0x0000000000028cd0        0x8
                0x0000000000028cd0                PROVIDE (__start_sdh_soc_observers, .)
 *(SORT(.sdh_soc_observers*))
 .sdh_soc_observers0
                0x0000000000028cd0        0x8 _build/nrf52832_xxaa/nrf_drv_clock.c.o
                0x0000000000028cd8                PROVIDE (__stop_sdh_soc_observers, .)

.sdh_ble_observers
                0x0000000000028cd8        0x0
                0x0000000000028cd8                PROVIDE (__start_sdh_ble_observers, .)
 *(SORT(.sdh_ble_observers*))
                0x0000000000028cd8                PROVIDE (__stop_sdh_ble_observers, .)

.pwr_mgmt_data  0x0000000000028cd8        0x0
                0x0000000000028cd8                PROVIDE (__start_pwr_mgmt_data, .)
 *(SORT(.pwr_mgmt_data*))
                0x0000000000028cd8                PROVIDE (__stop_pwr_mgmt_data, .)

.log_const_data
                0x0000000000028cd8       0x48
                0x0000000000028cd8                PROVIDE (__start_log_const_data, .)
 *(SORT(.log_const_data*))
 .log_const_data_app
                0x0000000000028cd8        0x8 _build/nrf52832_xxaa/nrf_log_frontend.c.o
                0x0000000000028cd8                m_nrf_log_app_logs_data_const
 .log_const_data_balloc
                0x0000000000028ce0        0x8 _build/nrf52832_xxaa/nrf_balloc.c.o
                0x0000000000028ce0                m_nrf_log_balloc_logs_data_const
 .log_const_data_clock
                0x0000000000028ce8        0x8 _build/nrf52832_xxaa/nrf_drv_clock.c.o
                0x0000000000028ce8                m_nrf_log_clock_logs_data_const
 .log_const_data_gpiote
                0x0000000000028cf0        0x8 _build/nrf52832_xxaa/nrf_drv_gpiote.c.o
                0x0000000000028cf0                m_nrf_log_gpiote_logs_data_const
 .log_const_data_nrf_sdh
                0x0000000000028cf8        0x8 _build/nrf52832_xxaa/nrf_sdh.c.o
                0x0000000000028cf8                m_nrf_log_nrf_sdh_logs_data_const
 .log_const_data_nrf_sdh_ble
                0x0000000000028d00        0x8 _build/nrf52832_xxaa/nrf_sdh_ble.c.o
                0x0000000000028d00                m_nrf_log_nrf_sdh_ble_logs_data_const
 .log_const_data_nrf_sdh_soc
                0x0000000000028d08        0x8 _build/nrf52832_xxaa/nrf_sdh_soc.c.o
                0x0000000000028d08                m_nrf_log_nrf_sdh_soc_logs_data_const
 .log_const_data_pwr_mgmt
                0x0000000000028d10        0x8 _build/nrf52832_xxaa/nrf_pwr_mgmt.c.o
                0x0000000000028d10                m_nrf_log_pwr_mgmt_logs_data_const
 .log_const_data_uart
                0x0000000000028d18        0x8 _build/nrf52832_xxaa/nrf_drv_uart.c.o
                0x0000000000028d18                m_nrf_log_uart_logs_data_const
                0x0000000000028d20                PROVIDE (__stop_log_const_data, .)

.sdh_req_observers
                0x0000000000028d20        0x0
                0x0000000000028d20                PROVIDE (__start_sdh_req_observers, .)
 *(SORT(.sdh_req_observers*))
                0x0000000000028d20                PROVIDE (__stop_sdh_req_observers, .)

.sdh_state_observers
                0x0000000000028d20        0x8
                0x0000000000028d20                PROVIDE (__start_sdh_state_observers, .)
 *(SORT(.sdh_state_observers*))
 .sdh_state_observers0
                0x0000000000028d20        0x8 _build/nrf52832_xxaa/nrf_drv_clock.c.o
                0x0000000000028d28                PROVIDE (__stop_sdh_state_observers, .)

.sdh_stack_observers
                0x0000000000028d28       0x10
                0x0000000000028d28                PROVIDE (__start_sdh_stack_observers, .)
 *(SORT(.sdh_stack_observers*))
 .sdh_stack_observers0
                0x0000000000028d28        0x8 _build/nrf52832_xxaa/nrf_sdh_ble.c.o
 .sdh_stack_observers0
                0x0000000000028d30        0x8 _build/nrf52832_xxaa/nrf_sdh_soc.c.o
                0x0000000000028d38                PROVIDE (__stop_sdh_stack_observers, .)

.cli_command    0x0000000000028d38        0x0
                [!provide]                        PROVIDE (__start_cli_command, .)
 *(.cli_command)
                [!provide]                        PROVIDE (__stop_cli_command, .)

.ARM.extab
 *(.ARM.extab* .gnu.linkonce.armextab.*)
                0x0000000000028d38                __exidx_start = .

.ARM.exidx      0x0000000000028d38        0x8
 *(.ARM.exidx* .gnu.linkonce.armexidx.*)
 .ARM.exidx     0x0000000000028d38        0x8 /usr/lib/gcc/arm-none-eabi/4.9.3/../../../arm-none-eabi/lib/armv7e-m/fpu/crt0.o
 .ARM.exidx     0x0000000000028d40        0x0 /usr/lib/gcc/arm-none-eabi/4.9.3/armv7e-m/fpu/libgcc.a(_divdi3.o)
                                          0x8 (size before relaxing)
 .ARM.exidx     0x0000000000028d40        0x0 /usr/lib/gcc/arm-none-eabi/4.9.3/armv7e-m/fpu/libgcc.a(_udivdi3.o)
                                          0x8 (size before relaxing)
                0x0000000000028d40                __exidx_end = .
                0x0000000000028d40                __etext = .

.rel.dyn        0x0000000000028d40        0x0
 .rel.iplt      0x0000000000028d40        0x0 /usr/lib/gcc/arm-none-eabi/4.9.3/armv7e-m/fpu/crtbegin.o

.data           0x0000000020001720       0x98 load address 0x0000000000028d40
                0x0000000020001720                __data_start__ = .
 *(vtable)
 *(.data*)
 .data.rtt_log_backend
                0x0000000020001720        0xc _build/nrf52832_xxaa/nrf_log_default_backends.c.o
 .data.m_beacon_info
                0x000000002000172c       0x17 _build/nrf52832_xxaa/main.c.o
 *fill*         0x0000000020001743        0x1 
 .data.SystemCoreClock
                0x0000000020001744        0x4 _build/nrf52832_xxaa/system_nrf52.c.o
                0x0000000020001744                SystemCoreClock
 .data.__ctype_ptr__
                0x0000000020001748        0x4 /usr/lib/gcc/arm-none-eabi/4.9.3/../../../arm-none-eabi/lib/armv7e-m/fpu/libc_nano.a(lib_a-ctype_.o)
                0x0000000020001748                __ctype_ptr__
 .data.impure_data
                0x000000002000174c       0x60 /usr/lib/gcc/arm-none-eabi/4.9.3/../../../arm-none-eabi/lib/armv7e-m/fpu/libc_nano.a(lib_a-impure.o)
                0x00000000200017ac                . = ALIGN (0x4)
                0x00000000200017ac                PROVIDE (__preinit_array_start, .)
 *(.preinit_array)
                0x00000000200017ac                PROVIDE (__preinit_array_end, .)
                0x00000000200017ac                . = ALIGN (0x4)
                0x00000000200017ac                PROVIDE (__init_array_start, .)
 *(SORT(.init_array.*))
 *(.init_array)
 .init_array    0x00000000200017ac        0x4 /usr/lib/gcc/arm-none-eabi/4.9.3/armv7e-m/fpu/crtbegin.o
                0x00000000200017b0                PROVIDE (__init_array_end, .)
                0x00000000200017b0                . = ALIGN (0x4)
                0x00000000200017b0                PROVIDE (__fini_array_start, .)
 *(SORT(.fini_array.*))
 *(.fini_array)
 .fini_array    0x00000000200017b0        0x4 /usr/lib/gcc/arm-none-eabi/4.9.3/armv7e-m/fpu/crtbegin.o
                0x00000000200017b4                PROVIDE (__fini_array_end, .)
 *(.jcr*)
 .jcr           0x00000000200017b4        0x0 /usr/lib/gcc/arm-none-eabi/4.9.3/armv7e-m/fpu/crtbegin.o
 .jcr           0x00000000200017b4        0x4 /usr/lib/gcc/arm-none-eabi/4.9.3/armv7e-m/fpu/crtend.o
                0x00000000200017b8                . = ALIGN (0x4)
                0x00000000200017b8                __data_end__ = .
LOAD /usr/lib/gcc/arm-none-eabi/4.9.3/armv7e-m/fpu/crti.o
LOAD /usr/lib/gcc/arm-none-eabi/4.9.3/armv7e-m/fpu/crtbegin.o
LOAD /usr/lib/gcc/arm-none-eabi/4.9.3/../../../arm-none-eabi/lib/armv7e-m/fpu/crt0.o
LOAD _build/nrf52832_xxaa/boards.c.o
LOAD _build/nrf52832_xxaa/nrf_log_backend_rtt.c.o
LOAD _build/nrf52832_xxaa/nrf_log_backend_serial.c.o
LOAD _build/nrf52832_xxaa/nrf_log_backend_uart.c.o
LOAD _build/nrf52832_xxaa/nrf_log_default_backends.c.o
LOAD _build/nrf52832_xxaa/nrf_log_frontend.c.o
LOAD _build/nrf52832_xxaa/nrf_log_str_formatter.c.o
LOAD _build/nrf52832_xxaa/app_button.c.o
LOAD _build/nrf52832_xxaa/app_error.c.o
LOAD _build/nrf52832_xxaa/app_error_weak.c.o
LOAD _build/nrf52832_xxaa/app_scheduler.c.o
LOAD _build/nrf52832_xxaa/app_timer.c.o
LOAD _build/nrf52832_xxaa/app_util_platform.c.o
LOAD _build/nrf52832_xxaa/hardfault_implementation.c.o
LOAD _build/nrf52832_xxaa/nrf_assert.c.o
LOAD _build/nrf52832_xxaa/nrf_atfifo.c.o
LOAD _build/nrf52832_xxaa/nrf_balloc.c.o
LOAD _build/nrf52832_xxaa/nrf_fprintf.c.o
LOAD _build/nrf52832_xxaa/nrf_fprintf_format.c.o
LOAD _build/nrf52832_xxaa/nrf_memobj.c.o
LOAD _build/nrf52832_xxaa/nrf_pwr_mgmt.c.o
LOAD _build/nrf52832_xxaa/nrf_section_iter.c.o
LOAD _build/nrf52832_xxaa/nrf_strerror.c.o
LOAD _build/nrf52832_xxaa/nrf_drv_clock.c.o
LOAD _build/nrf52832_xxaa/nrf_drv_common.c.o
LOAD _build/nrf52832_xxaa/nrf_drv_gpiote.c.o
LOAD _build/nrf52832_xxaa/nrf_drv_uart.c.o
LOAD _build/nrf52832_xxaa/bsp.c.o
LOAD _build/nrf52832_xxaa/bsp_nfc.c.o
LOAD _build/nrf52832_xxaa/main.c.o
LOAD _build/nrf52832_xxaa/SEGGER_RTT.c.o
LOAD _build/nrf52832_xxaa/SEGGER_RTT_Syscalls_GCC.c.o
LOAD _build/nrf52832_xxaa/SEGGER_RTT_printf.c.o
LOAD _build/nrf52832_xxaa/ble_advdata.c.o
LOAD _build/nrf52832_xxaa/ble_srv_common.c.o
LOAD _build/nrf52832_xxaa/gcc_startup_nrf52.S.o
LOAD _build/nrf52832_xxaa/system_nrf52.c.o
LOAD _build/nrf52832_xxaa/nrf_sdh.c.o
LOAD _build/nrf52832_xxaa/nrf_sdh_ble.c.o
LOAD _build/nrf52832_xxaa/nrf_sdh_soc.c.o
LOAD _build/nrf52832_xxaa/nrf_ble_gatt.c.o
LOAD /usr/lib/gcc/arm-none-eabi/4.9.3/../../../arm-none-eabi/lib/armv7e-m/fpu/libc_nano.a
LOAD /usr/lib/gcc/arm-none-eabi/4.9.3/../../../arm-none-eabi/lib/armv7e-m/fpu/libnosys.a
LOAD /usr/lib/gcc/arm-none-eabi/4.9.3/../../../arm-none-eabi/lib/armv7e-m/fpu/libm.a
START GROUP
LOAD /usr/lib/gcc/arm-none-eabi/4.9.3/armv7e-m/fpu/libgcc.a
LOAD /usr/lib/gcc/arm-none-eabi/4.9.3/../../../arm-none-eabi/lib/armv7e-m/fpu/libg_nano.a
LOAD /usr/lib/gcc/arm-none-eabi/4.9.3/../../../arm-none-eabi/lib/armv7e-m/fpu/libc_nano.a
END GROUP
START GROUP
LOAD /usr/lib/gcc/arm-none-eabi/4.9.3/armv7e-m/fpu/libgcc.a
LOAD /usr/lib/gcc/arm-none-eabi/4.9.3/../../../arm-none-eabi/lib/armv7e-m/fpu/libc_nano.a
END GROUP
LOAD /usr/lib/gcc/arm-none-eabi/4.9.3/armv7e-m/fpu/crtend.o
LOAD /usr/lib/gcc/arm-none-eabi/4.9.3/armv7e-m/fpu/crtn.o
START GROUP
LOAD /usr/lib/gcc/arm-none-eabi/4.9.3/armv7e-m/fpu/libgcc.a
LOAD /usr/lib/gcc/arm-none-eabi/4.9.3/../../../arm-none-eabi/lib/armv7e-m/fpu/libc.a
LOAD /usr/lib/gcc/arm-none-eabi/4.9.3/../../../arm-none-eabi/lib/armv7e-m/fpu/libnosys.a
END GROUP

.tm_clone_table
                0x00000000200017b8        0x0 load address 0x0000000000028dd8
 .tm_clone_table
                0x00000000200017b8        0x0 /usr/lib/gcc/arm-none-eabi/4.9.3/armv7e-m/fpu/crtbegin.o
 .tm_clone_table
                0x00000000200017b8        0x0 /usr/lib/gcc/arm-none-eabi/4.9.3/armv7e-m/fpu/crtend.o

.igot.plt       0x00000000200017b8        0x0 load address 0x0000000000028dd8
 .igot.plt      0x00000000200017b8        0x0 /usr/lib/gcc/arm-none-eabi/4.9.3/armv7e-m/fpu/crtbegin.o
                0x00000000200017b8                . = ALIGN (0x4)

.mem_section_dummy_ram

.log_dynamic_data
                0x00000000200017b8       0x6c load address 0x0000000000028dd8
                0x00000000200017b8                PROVIDE (__start_log_dynamic_data, .)
 *(SORT(.log_dynamic_data*))
 .log_dynamic_data_app
                0x00000000200017b8        0xc _build/nrf52832_xxaa/nrf_log_frontend.c.o
                0x00000000200017b8                m_nrf_log_app_logs_data_dynamic
 .log_dynamic_data_balloc
                0x00000000200017c4        0xc _build/nrf52832_xxaa/nrf_balloc.c.o
                0x00000000200017c4                m_nrf_log_balloc_logs_data_dynamic
 .log_dynamic_data_clock
                0x00000000200017d0        0xc _build/nrf52832_xxaa/nrf_drv_clock.c.o
                0x00000000200017d0                m_nrf_log_clock_logs_data_dynamic
 .log_dynamic_data_gpiote
                0x00000000200017dc        0xc _build/nrf52832_xxaa/nrf_drv_gpiote.c.o
                0x00000000200017dc                m_nrf_log_gpiote_logs_data_dynamic
 .log_dynamic_data_nrf_sdh
                0x00000000200017e8        0xc _build/nrf52832_xxaa/nrf_sdh.c.o
                0x00000000200017e8                m_nrf_log_nrf_sdh_logs_data_dynamic
 .log_dynamic_data_nrf_sdh_ble
                0x00000000200017f4        0xc _build/nrf52832_xxaa/nrf_sdh_ble.c.o
                0x00000000200017f4                m_nrf_log_nrf_sdh_ble_logs_data_dynamic
 .log_dynamic_data_nrf_sdh_soc
                0x0000000020001800        0xc _build/nrf52832_xxaa/nrf_sdh_soc.c.o
                0x0000000020001800                m_nrf_log_nrf_sdh_soc_logs_data_dynamic
 .log_dynamic_data_pwr_mgmt
                0x000000002000180c        0xc _build/nrf52832_xxaa/nrf_pwr_mgmt.c.o
                0x000000002000180c                m_nrf_log_pwr_mgmt_logs_data_dynamic
 .log_dynamic_data_uart
                0x0000000020001818        0xc _build/nrf52832_xxaa/nrf_drv_uart.c.o
                0x0000000020001818                m_nrf_log_uart_logs_data_dynamic
                [!provide]                        PROVIDE (__stop_log_dynamic_data, .)

.cli_sorted_cmd_ptrs
                0x0000000020001824        0x0
                [!provide]                        PROVIDE (__start_cli_sorted_cmd_ptrs, .)
 *(.cli_sorted_cmd_ptrs)
                [!provide]                        PROVIDE (__stop_cli_sorted_cmd_ptrs, .)

.fs_data        0x0000000020001824        0x0
                [!provide]                        PROVIDE (__start_fs_data, .)
 *(.fs_data)
                [!provide]                        PROVIDE (__stop_fs_data, .)

.bss            0x0000000020001824      0xaec load address 0x0000000000028e44
                0x0000000020001824                . = ALIGN (0x4)
                0x0000000020001824                __bss_start__ = .
 *(.bss*)
 .bss           0x0000000020001824       0x1c /usr/lib/gcc/arm-none-eabi/4.9.3/armv7e-m/fpu/crtbegin.o
 .bss.m_string_buff
                0x0000000020001840       0x40 _build/nrf52832_xxaa/nrf_log_backend_rtt.c.o
 .bss.m_log_data
                0x0000000020001880      0x420 _build/nrf52832_xxaa/nrf_log_frontend.c.o
 .bss.mempool_nrf_balloc_cb
                0x0000000020001ca0        0x8 _build/nrf52832_xxaa/nrf_log_frontend.c.o
 .bss.mempool_nrf_balloc_pool_stack
                0x0000000020001ca8        0x8 _build/nrf52832_xxaa/nrf_log_frontend.c.o
 .bss.mempool_nrf_balloc_pool_mem
                0x0000000020001cb0       0xc0 _build/nrf52832_xxaa/nrf_log_frontend.c.o
 .bss.m_detection_delay
                0x0000000020001d70        0x4 _build/nrf52832_xxaa/app_button.c.o
 .bss.mp_buttons
                0x0000000020001d74        0x4 _build/nrf52832_xxaa/app_button.c.o
 .bss.m_button_count
                0x0000000020001d78        0x1 _build/nrf52832_xxaa/app_button.c.o
 *fill*         0x0000000020001d79        0x3 
 .bss.m_detection_delay_timer_id_data
                0x0000000020001d7c       0x20 _build/nrf52832_xxaa/app_button.c.o
 .bss.m_pin_state
                0x0000000020001d9c        0x4 _build/nrf52832_xxaa/app_button.c.o
 .bss.m_pin_transition
                0x0000000020001da0        0x4 _build/nrf52832_xxaa/app_button.c.o
 .bss.m_ticks_latest
                0x0000000020001da4        0x4 _build/nrf52832_xxaa/app_timer.c.o
 .bss.mp_timer_id_head
                0x0000000020001da8        0x4 _build/nrf52832_xxaa/app_timer.c.o
 .bss.m_ticks_elapsed_q_read_ind
                0x0000000020001dac        0x1 _build/nrf52832_xxaa/app_timer.c.o
 .bss.m_ticks_elapsed_q_write_ind
                0x0000000020001dad        0x1 _build/nrf52832_xxaa/app_timer.c.o
 .bss.m_rtc1_reset
                0x0000000020001dae        0x1 _build/nrf52832_xxaa/app_timer.c.o
 *fill*         0x0000000020001daf        0x1 
 .bss.m_op_queue
                0x0000000020001db0      0x10c _build/nrf52832_xxaa/app_timer.c.o
 .bss.m_ticks_elapsed
                0x0000000020001ebc        0x8 _build/nrf52832_xxaa/app_timer.c.o
 .bss.m_rtc1_running
                0x0000000020001ec4        0x1 _build/nrf52832_xxaa/app_timer.c.o
 *fill*         0x0000000020001ec5        0x3 
 .bss.m_clock_cb
                0x0000000020001ec8       0x14 _build/nrf52832_xxaa/nrf_drv_clock.c.o
 .bss.m_cb      0x0000000020001edc       0x58 _build/nrf52832_xxaa/nrf_drv_gpiote.c.o
 .bss.m_cb      0x0000000020001f34       0x20 _build/nrf52832_xxaa/nrf_drv_uart.c.o
 .bss.m_leds_timer_id_data
                0x0000000020001f54       0x20 _build/nrf52832_xxaa/bsp.c.o
 .bss.m_alert_on
                0x0000000020001f74        0x1 _build/nrf52832_xxaa/bsp.c.o
 *fill*         0x0000000020001f75        0x3 
 .bss.m_indication_type
                0x0000000020001f78        0x4 _build/nrf52832_xxaa/bsp.c.o
 .bss.m_leds_clear
                0x0000000020001f7c        0x1 _build/nrf52832_xxaa/bsp.c.o
 .bss.current_long_push_pin_no.7292
                0x0000000020001f7d        0x1 _build/nrf52832_xxaa/bsp.c.o
 *fill*         0x0000000020001f7e        0x2 
 .bss.m_registered_callback
                0x0000000020001f80        0x4 _build/nrf52832_xxaa/bsp.c.o
 .bss.m_button_timer_id_data
                0x0000000020001f84       0x20 _build/nrf52832_xxaa/bsp.c.o
 .bss.m_stable_state
                0x0000000020001fa4        0x1 _build/nrf52832_xxaa/bsp.c.o
 *fill*         0x0000000020001fa5        0x3 
 .bss.m_alert_timer_id_data
                0x0000000020001fa8       0x20 _build/nrf52832_xxaa/bsp.c.o
 .bss.release_event_at_push.7293
                0x0000000020001fc8        0x4 _build/nrf52832_xxaa/bsp.c.o
 .bss.m_events_list
                0x0000000020001fcc        0xc _build/nrf52832_xxaa/bsp.c.o
 .bss.m_adv_params
                0x0000000020001fd8       0x10 _build/nrf52832_xxaa/main.c.o
 .bss._acDownBuffer
                0x0000000020001fe8       0x10 _build/nrf52832_xxaa/SEGGER_RTT.c.o
 .bss._acUpBuffer
                0x0000000020001ff8      0x200 _build/nrf52832_xxaa/SEGGER_RTT.c.o
 .bss.m_nrf_sdh_enabled
                0x00000000200021f8        0x1 _build/nrf52832_xxaa/nrf_sdh.c.o
 .bss.m_nrf_sdh_continue
                0x00000000200021f9        0x1 _build/nrf52832_xxaa/nrf_sdh.c.o
 .bss.m_nrf_sdh_suspended
                0x00000000200021fa        0x1 _build/nrf52832_xxaa/nrf_sdh.c.o
 *fill*         0x00000000200021fb        0x1 
 .bss._global_atexit0
                0x00000000200021fc       0x8c /usr/lib/gcc/arm-none-eabi/4.9.3/../../../arm-none-eabi/lib/armv7e-m/fpu/libc_nano.a(lib_a-__atexit.o)
 .bss._global_atexit
                0x0000000020002288        0x4 /usr/lib/gcc/arm-none-eabi/4.9.3/../../../arm-none-eabi/lib/armv7e-m/fpu/libc_nano.a(lib_a-__call_atexit.o)
                0x0000000020002288                _global_atexit
 *(COMMON)
 COMMON         0x000000002000228c        0xc _build/nrf52832_xxaa/app_util_platform.c.o
                0x000000002000228c                nrf_nvic_state
 COMMON         0x0000000020002298       0x78 _build/nrf52832_xxaa/SEGGER_RTT.c.o
                0x0000000020002298                _SEGGER_RTT
                0x0000000020002310                . = ALIGN (0x4)
                0x0000000020002310                __bss_end__ = .

.heap           0x0000000020002310     0x2000
                0x0000000020002310                __HeapBase = .
                0x0000000020002310                __end__ = .
                [!provide]                        PROVIDE (end, .)
 *(.heap*)
 .heap          0x0000000020002310     0x2000 _build/nrf52832_xxaa/gcc_startup_nrf52.S.o
                0x0000000020004310                __HeapLimit = .

.stack_dummy    0x0000000020002310     0x2000
 *(.stack*)
 .stack         0x0000000020002310     0x2000 _build/nrf52832_xxaa/gcc_startup_nrf52.S.o
                0x0000000020010000                __StackTop = (ORIGIN (RAM) + LENGTH (RAM))
                0x000000002000e000                __StackLimit = (__StackTop - SIZEOF (.stack_dummy))
                0x0000000020010000                PROVIDE (__stack, __StackTop)
                0x0000000000000001                ASSERT ((__StackLimit >= __HeapLimit), region RAM overflowed with stack)
                0x0000000000000104                DataInitFlashUsed = (__bss_start__ - __data_start__)
                0x0000000000005d40                CodeFlashUsed = (__etext - ORIGIN (FLASH))
                0x0000000000005e44                TotalFlashUsed = (CodeFlashUsed + DataInitFlashUsed)
                0x0000000000000001                ASSERT ((TotalFlashUsed <= LENGTH (FLASH)), region FLASH overflowed with .data and user data)
OUTPUT(_build/nrf52832_xxaa.out elf32-littlearm)

.ARM.attributes
                0x0000000000000000       0x30
 .ARM.attributes
                0x0000000000000000       0x22 /usr/lib/gcc/arm-none-eabi/4.9.3/armv7e-m/fpu/crti.o
 .ARM.attributes
                0x0000000000000022       0x34 /usr/lib/gcc/arm-none-eabi/4.9.3/armv7e-m/fpu/crtbegin.o
 .ARM.attributes
                0x0000000000000056       0x20 /usr/lib/gcc/arm-none-eabi/4.9.3/../../../arm-none-eabi/lib/armv7e-m/fpu/crt0.o
 .ARM.attributes
                0x0000000000000076       0x39 _build/nrf52832_xxaa/boards.c.o
 .ARM.attributes
                0x00000000000000af       0x39 _build/nrf52832_xxaa/nrf_log_backend_rtt.c.o
 .ARM.attributes
                0x00000000000000e8       0x39 _build/nrf52832_xxaa/nrf_log_backend_serial.c.o
 .ARM.attributes
                0x0000000000000121       0x39 _build/nrf52832_xxaa/nrf_log_default_backends.c.o
 .ARM.attributes
                0x000000000000015a       0x39 _build/nrf52832_xxaa/nrf_log_frontend.c.o
 .ARM.attributes
                0x0000000000000193       0x39 _build/nrf52832_xxaa/nrf_log_str_formatter.c.o
 .ARM.attributes
                0x00000000000001cc       0x39 _build/nrf52832_xxaa/app_button.c.o
 .ARM.attributes
                0x0000000000000205       0x39 _build/nrf52832_xxaa/app_error.c.o
 .ARM.attributes
                0x000000000000023e       0x39 _build/nrf52832_xxaa/app_error_weak.c.o
 .ARM.attributes
                0x0000000000000277       0x39 _build/nrf52832_xxaa/app_timer.c.o
 .ARM.attributes
                0x00000000000002b0       0x39 _build/nrf52832_xxaa/app_util_platform.c.o
 .ARM.attributes
                0x00000000000002e9       0x39 _build/nrf52832_xxaa/nrf_balloc.c.o
 .ARM.attributes
                0x0000000000000322       0x39 _build/nrf52832_xxaa/nrf_fprintf.c.o
 .ARM.attributes
                0x000000000000035b       0x39 _build/nrf52832_xxaa/nrf_fprintf_format.c.o
 .ARM.attributes
                0x0000000000000394       0x39 _build/nrf52832_xxaa/nrf_memobj.c.o
 .ARM.attributes
                0x00000000000003cd       0x39 _build/nrf52832_xxaa/nrf_pwr_mgmt.c.o
 .ARM.attributes
                0x0000000000000406       0x39 _build/nrf52832_xxaa/nrf_section_iter.c.o
 .ARM.attributes
                0x000000000000043f       0x39 _build/nrf52832_xxaa/nrf_strerror.c.o
 .ARM.attributes
                0x0000000000000478       0x39 _build/nrf52832_xxaa/nrf_drv_clock.c.o
 .ARM.attributes
                0x00000000000004b1       0x39 _build/nrf52832_xxaa/nrf_drv_common.c.o
 .ARM.attributes
                0x00000000000004ea       0x39 _build/nrf52832_xxaa/nrf_drv_gpiote.c.o
 .ARM.attributes
                0x0000000000000523       0x39 _build/nrf52832_xxaa/nrf_drv_uart.c.o
 .ARM.attributes
                0x000000000000055c       0x39 _build/nrf52832_xxaa/bsp.c.o
 .ARM.attributes
                0x0000000000000595       0x39 _build/nrf52832_xxaa/main.c.o
 .ARM.attributes
                0x00000000000005ce       0x39 _build/nrf52832_xxaa/SEGGER_RTT.c.o
 .ARM.attributes
                0x0000000000000607       0x39 _build/nrf52832_xxaa/ble_advdata.c.o
 .ARM.attributes
                0x0000000000000640       0x20 _build/nrf52832_xxaa/gcc_startup_nrf52.S.o
 .ARM.attributes
                0x0000000000000660       0x39 _build/nrf52832_xxaa/system_nrf52.c.o
 .ARM.attributes
                0x0000000000000699       0x39 _build/nrf52832_xxaa/nrf_sdh.c.o
 .ARM.attributes
                0x00000000000006d2       0x39 _build/nrf52832_xxaa/nrf_sdh_ble.c.o
 .ARM.attributes
                0x000000000000070b       0x39 _build/nrf52832_xxaa/nrf_sdh_soc.c.o
 .ARM.attributes
                0x0000000000000744       0x34 /usr/lib/gcc/arm-none-eabi/4.9.3/../../../arm-none-eabi/lib/armv7e-m/fpu/libc_nano.a(lib_a-atexit.o)
 .ARM.attributes
                0x0000000000000778       0x34 /usr/lib/gcc/arm-none-eabi/4.9.3/../../../arm-none-eabi/lib/armv7e-m/fpu/libc_nano.a(lib_a-ctype_.o)
 .ARM.attributes
                0x00000000000007ac       0x34 /usr/lib/gcc/arm-none-eabi/4.9.3/../../../arm-none-eabi/lib/armv7e-m/fpu/libc_nano.a(lib_a-exit.o)
 .ARM.attributes
                0x00000000000007e0       0x34 /usr/lib/gcc/arm-none-eabi/4.9.3/../../../arm-none-eabi/lib/armv7e-m/fpu/libc_nano.a(lib_a-fini.o)
 .ARM.attributes
                0x0000000000000814       0x34 /usr/lib/gcc/arm-none-eabi/4.9.3/../../../arm-none-eabi/lib/armv7e-m/fpu/libc_nano.a(lib_a-impure.o)
 .ARM.attributes
                0x0000000000000848       0x34 /usr/lib/gcc/arm-none-eabi/4.9.3/../../../arm-none-eabi/lib/armv7e-m/fpu/libc_nano.a(lib_a-init.o)
 .ARM.attributes
                0x000000000000087c       0x34 /usr/lib/gcc/arm-none-eabi/4.9.3/../../../arm-none-eabi/lib/armv7e-m/fpu/libc_nano.a(lib_a-memcpy.o)
 .ARM.attributes
                0x00000000000008b0       0x34 /usr/lib/gcc/arm-none-eabi/4.9.3/../../../arm-none-eabi/lib/armv7e-m/fpu/libc_nano.a(lib_a-memset.o)
 .ARM.attributes
                0x00000000000008e4       0x34 /usr/lib/gcc/arm-none-eabi/4.9.3/../../../arm-none-eabi/lib/armv7e-m/fpu/libc_nano.a(lib_a-strcpy.o)
 .ARM.attributes
                0x0000000000000918       0x34 /usr/lib/gcc/arm-none-eabi/4.9.3/../../../arm-none-eabi/lib/armv7e-m/fpu/libc_nano.a(lib_a-strlen.o)
 .ARM.attributes
                0x000000000000094c       0x34 /usr/lib/gcc/arm-none-eabi/4.9.3/../../../arm-none-eabi/lib/armv7e-m/fpu/libc_nano.a(lib_a-__atexit.o)
 .ARM.attributes
                0x0000000000000980       0x34 /usr/lib/gcc/arm-none-eabi/4.9.3/../../../arm-none-eabi/lib/armv7e-m/fpu/libc_nano.a(lib_a-__call_atexit.o)
 .ARM.attributes
                0x00000000000009b4       0x34 /usr/lib/gcc/arm-none-eabi/4.9.3/../../../arm-none-eabi/lib/armv7e-m/fpu/libnosys.a(_exit.o)
 .ARM.attributes
                0x00000000000009e8       0x22 /usr/lib/gcc/arm-none-eabi/4.9.3/armv7e-m/fpu/libgcc.a(_aeabi_uldivmod.o)
 .ARM.attributes
                0x0000000000000a0a       0x34 /usr/lib/gcc/arm-none-eabi/4.9.3/armv7e-m/fpu/libgcc.a(bpabi.o)
 .ARM.attributes
                0x0000000000000a3e       0x22 /usr/lib/gcc/arm-none-eabi/4.9.3/armv7e-m/fpu/libgcc.a(_dvmd_tls.o)
 .ARM.attributes
                0x0000000000000a60       0x34 /usr/lib/gcc/arm-none-eabi/4.9.3/armv7e-m/fpu/libgcc.a(_divdi3.o)
 .ARM.attributes
                0x0000000000000a94       0x34 /usr/lib/gcc/arm-none-eabi/4.9.3/armv7e-m/fpu/libgcc.a(_udivdi3.o)
 .ARM.attributes
                0x0000000000000ac8       0x34 /usr/lib/gcc/arm-none-eabi/4.9.3/armv7e-m/fpu/crtend.o
 .ARM.attributes
                0x0000000000000afc       0x22 /usr/lib/gcc/arm-none-eabi/4.9.3/armv7e-m/fpu/crtn.o

.comment        0x0000000000000000       0x70
 .comment       0x0000000000000000       0x38 /usr/lib/gcc/arm-none-eabi/4.9.3/armv7e-m/fpu/crtbegin.o
                                         0x39 (size before relaxing)
 .comment       0x0000000000000038       0x39 _build/nrf52832_xxaa/boards.c.o
 .comment       0x0000000000000038       0x39 _build/nrf52832_xxaa/nrf_log_backend_rtt.c.o
 .comment       0x0000000000000038       0x39 _build/nrf52832_xxaa/nrf_log_backend_serial.c.o
 .comment       0x0000000000000038       0x39 _build/nrf52832_xxaa/nrf_log_default_backends.c.o
 .comment       0x0000000000000038       0x39 _build/nrf52832_xxaa/nrf_log_frontend.c.o
 .comment       0x0000000000000038       0x39 _build/nrf52832_xxaa/nrf_log_str_formatter.c.o
 .comment       0x0000000000000038       0x39 _build/nrf52832_xxaa/app_button.c.o
 .comment       0x0000000000000038       0x39 _build/nrf52832_xxaa/app_error.c.o
 .comment       0x0000000000000038       0x39 _build/nrf52832_xxaa/app_error_weak.c.o
 .comment       0x0000000000000038       0x39 _build/nrf52832_xxaa/app_timer.c.o
 .comment       0x0000000000000038       0x39 _build/nrf52832_xxaa/app_util_platform.c.o
 .comment       0x0000000000000038       0x39 _build/nrf52832_xxaa/nrf_balloc.c.o
 .comment       0x0000000000000038       0x39 _build/nrf52832_xxaa/nrf_fprintf.c.o
 .comment       0x0000000000000038       0x39 _build/nrf52832_xxaa/nrf_fprintf_format.c.o
 .comment       0x0000000000000038       0x39 _build/nrf52832_xxaa/nrf_memobj.c.o
 .comment       0x0000000000000038       0x39 _build/nrf52832_xxaa/nrf_pwr_mgmt.c.o
 .comment       0x0000000000000038       0x39 _build/nrf52832_xxaa/nrf_section_iter.c.o
 .comment       0x0000000000000038       0x39 _build/nrf52832_xxaa/nrf_strerror.c.o
 .comment       0x0000000000000038       0x39 _build/nrf52832_xxaa/nrf_drv_clock.c.o
 .comment       0x0000000000000038       0x39 _build/nrf52832_xxaa/nrf_drv_common.c.o
 .comment       0x0000000000000038       0x39 _build/nrf52832_xxaa/nrf_drv_gpiote.c.o
 .comment       0x0000000000000038       0x39 _build/nrf52832_xxaa/nrf_drv_uart.c.o
 .comment       0x0000000000000038       0x39 _build/nrf52832_xxaa/bsp.c.o
 .comment       0x0000000000000038       0x39 _build/nrf52832_xxaa/main.c.o
 .comment       0x0000000000000038       0x39 _build/nrf52832_xxaa/SEGGER_RTT.c.o
 .comment       0x0000000000000038       0x39 _build/nrf52832_xxaa/ble_advdata.c.o
 .comment       0x0000000000000038       0x39 _build/nrf52832_xxaa/system_nrf52.c.o
 .comment       0x0000000000000038       0x39 _build/nrf52832_xxaa/nrf_sdh.c.o
 .comment       0x0000000000000038       0x39 _build/nrf52832_xxaa/nrf_sdh_ble.c.o
 .comment       0x0000000000000038       0x39 _build/nrf52832_xxaa/nrf_sdh_soc.c.o
 .comment       0x0000000000000038       0x38 /usr/lib/gcc/arm-none-eabi/4.9.3/../../../arm-none-eabi/lib/armv7e-m/fpu/libc_nano.a(lib_a-atexit.o)
                                         0x39 (size before relaxing)
 .comment       0x0000000000000070       0x39 /usr/lib/gcc/arm-none-eabi/4.9.3/../../../arm-none-eabi/lib/armv7e-m/fpu/libc_nano.a(lib_a-ctype_.o)
 .comment       0x0000000000000070       0x39 /usr/lib/gcc/arm-none-eabi/4.9.3/../../../arm-none-eabi/lib/armv7e-m/fpu/libc_nano.a(lib_a-exit.o)
 .comment       0x0000000000000070       0x39 /usr/lib/gcc/arm-none-eabi/4.9.3/../../../arm-none-eabi/lib/armv7e-m/fpu/libc_nano.a(lib_a-fini.o)
 .comment       0x0000000000000070       0x39 /usr/lib/gcc/arm-none-eabi/4.9.3/../../../arm-none-eabi/lib/armv7e-m/fpu/libc_nano.a(lib_a-impure.o)
 .comment       0x0000000000000070       0x39 /usr/lib/gcc/arm-none-eabi/4.9.3/../../../arm-none-eabi/lib/armv7e-m/fpu/libc_nano.a(lib_a-init.o)
 .comment       0x0000000000000070       0x39 /usr/lib/gcc/arm-none-eabi/4.9.3/../../../arm-none-eabi/lib/armv7e-m/fpu/libc_nano.a(lib_a-memcpy.o)
 .comment       0x0000000000000070       0x39 /usr/lib/gcc/arm-none-eabi/4.9.3/../../../arm-none-eabi/lib/armv7e-m/fpu/libc_nano.a(lib_a-memset.o)
 .comment       0x0000000000000070       0x39 /usr/lib/gcc/arm-none-eabi/4.9.3/../../../arm-none-eabi/lib/armv7e-m/fpu/libc_nano.a(lib_a-strcpy.o)
 .comment       0x0000000000000070       0x39 /usr/lib/gcc/arm-none-eabi/4.9.3/../../../arm-none-eabi/lib/armv7e-m/fpu/libc_nano.a(lib_a-strlen.o)
 .comment       0x0000000000000070       0x39 /usr/lib/gcc/arm-none-eabi/4.9.3/../../../arm-none-eabi/lib/armv7e-m/fpu/libc_nano.a(lib_a-__atexit.o)
 .comment       0x0000000000000070       0x39 /usr/lib/gcc/arm-none-eabi/4.9.3/../../../arm-none-eabi/lib/armv7e-m/fpu/libc_nano.a(lib_a-__call_atexit.o)
 .comment       0x0000000000000070       0x39 /usr/lib/gcc/arm-none-eabi/4.9.3/../../../arm-none-eabi/lib/armv7e-m/fpu/libnosys.a(_exit.o)
 .comment       0x0000000000000070       0x39 /usr/lib/gcc/arm-none-eabi/4.9.3/armv7e-m/fpu/libgcc.a(bpabi.o)
 .comment       0x0000000000000070       0x39 /usr/lib/gcc/arm-none-eabi/4.9.3/armv7e-m/fpu/libgcc.a(_divdi3.o)
 .comment       0x0000000000000070       0x39 /usr/lib/gcc/arm-none-eabi/4.9.3/armv7e-m/fpu/libgcc.a(_udivdi3.o)
 .comment       0x0000000000000070       0x39 /usr/lib/gcc/arm-none-eabi/4.9.3/armv7e-m/fpu/crtend.o

.debug_line     0x0000000000000000    0x12555
 .debug_line    0x0000000000000000       0x7e /usr/lib/gcc/arm-none-eabi/4.9.3/../../../arm-none-eabi/lib/armv7e-m/fpu/crt0.o
 .debug_line    0x000000000000007e      0x709 _build/nrf52832_xxaa/boards.c.o
 .debug_line    0x0000000000000787      0x88a _build/nrf52832_xxaa/nrf_log_backend_rtt.c.o
 .debug_line    0x0000000000001011      0x81d _build/nrf52832_xxaa/nrf_log_backend_serial.c.o
 .debug_line    0x000000000000182e      0x774 _build/nrf52832_xxaa/nrf_log_default_backends.c.o
 .debug_line    0x0000000000001fa2     0x10d7 _build/nrf52832_xxaa/nrf_log_frontend.c.o
 .debug_line    0x0000000000003079      0x84d _build/nrf52832_xxaa/nrf_log_str_formatter.c.o
 .debug_line    0x00000000000038c6      0x78e _build/nrf52832_xxaa/app_button.c.o
 .debug_line    0x0000000000004054      0x4d1 _build/nrf52832_xxaa/app_error.c.o
 .debug_line    0x0000000000004525      0x87d _build/nrf52832_xxaa/app_error_weak.c.o
 .debug_line    0x0000000000004da2      0xab5 _build/nrf52832_xxaa/app_timer.c.o
 .debug_line    0x0000000000005857      0x5c9 _build/nrf52832_xxaa/app_util_platform.c.o
 .debug_line    0x0000000000005e20      0x7aa _build/nrf52832_xxaa/nrf_balloc.c.o
 .debug_line    0x00000000000065ca      0x56e _build/nrf52832_xxaa/nrf_fprintf.c.o
 .debug_line    0x0000000000006b38      0x77d _build/nrf52832_xxaa/nrf_fprintf_format.c.o
 .debug_line    0x00000000000072b5      0x7cd _build/nrf52832_xxaa/nrf_memobj.c.o
 .debug_line    0x0000000000007a82      0xb3c _build/nrf52832_xxaa/nrf_pwr_mgmt.c.o
 .debug_line    0x00000000000085be      0x581 _build/nrf52832_xxaa/nrf_section_iter.c.o
 .debug_line    0x0000000000008b3f      0x522 _build/nrf52832_xxaa/nrf_strerror.c.o
 .debug_line    0x0000000000009061      0xc34 _build/nrf52832_xxaa/nrf_drv_clock.c.o
 .debug_line    0x0000000000009c95      0x64d _build/nrf52832_xxaa/nrf_drv_common.c.o
 .debug_line    0x000000000000a2e2     0x109a _build/nrf52832_xxaa/nrf_drv_gpiote.c.o
 .debug_line    0x000000000000b37c     0x12da _build/nrf52832_xxaa/nrf_drv_uart.c.o
 .debug_line    0x000000000000c656      0xa26 _build/nrf52832_xxaa/bsp.c.o
 .debug_line    0x000000000000d07c      0xc08 _build/nrf52832_xxaa/main.c.o
 .debug_line    0x000000000000dc84     0x11db _build/nrf52832_xxaa/SEGGER_RTT.c.o
 .debug_line    0x000000000000ee5f      0x97b _build/nrf52832_xxaa/ble_advdata.c.o
 .debug_line    0x000000000000f7da       0xaf _build/nrf52832_xxaa/gcc_startup_nrf52.S.o
 .debug_line    0x000000000000f889      0x400 _build/nrf52832_xxaa/system_nrf52.c.o
 .debug_line    0x000000000000fc89      0x9ce _build/nrf52832_xxaa/nrf_sdh.c.o
 .debug_line    0x0000000000010657      0x8d9 _build/nrf52832_xxaa/nrf_sdh_ble.c.o
 .debug_line    0x0000000000010f30      0x765 _build/nrf52832_xxaa/nrf_sdh_soc.c.o
 .debug_line    0x0000000000011695       0xc4 /usr/lib/gcc/arm-none-eabi/4.9.3/../../../arm-none-eabi/lib/armv7e-m/fpu/libc_nano.a(lib_a-atexit.o)
 .debug_line    0x0000000000011759       0x72 /usr/lib/gcc/arm-none-eabi/4.9.3/../../../arm-none-eabi/lib/armv7e-m/fpu/libc_nano.a(lib_a-ctype_.o)
 .debug_line    0x00000000000117cb      0x16b /usr/lib/gcc/arm-none-eabi/4.9.3/../../../arm-none-eabi/lib/armv7e-m/fpu/libc_nano.a(lib_a-exit.o)
 .debug_line    0x0000000000011936       0x9e /usr/lib/gcc/arm-none-eabi/4.9.3/../../../arm-none-eabi/lib/armv7e-m/fpu/libc_nano.a(lib_a-fini.o)
 .debug_line    0x00000000000119d4       0xf4 /usr/lib/gcc/arm-none-eabi/4.9.3/../../../arm-none-eabi/lib/armv7e-m/fpu/libc_nano.a(lib_a-impure.o)
 .debug_line    0x0000000000011ac8       0xb9 /usr/lib/gcc/arm-none-eabi/4.9.3/../../../arm-none-eabi/lib/armv7e-m/fpu/libc_nano.a(lib_a-init.o)
 .debug_line    0x0000000000011b81       0xf0 /usr/lib/gcc/arm-none-eabi/4.9.3/../../../arm-none-eabi/lib/armv7e-m/fpu/libc_nano.a(lib_a-memcpy.o)
 .debug_line    0x0000000000011c71       0xf1 /usr/lib/gcc/arm-none-eabi/4.9.3/../../../arm-none-eabi/lib/armv7e-m/fpu/libc_nano.a(lib_a-memset.o)
 .debug_line    0x0000000000011d62       0xbf /usr/lib/gcc/arm-none-eabi/4.9.3/../../../arm-none-eabi/lib/armv7e-m/fpu/libc_nano.a(lib_a-strcpy.o)
 .debug_line    0x0000000000011e21       0xf8 /usr/lib/gcc/arm-none-eabi/4.9.3/../../../arm-none-eabi/lib/armv7e-m/fpu/libc_nano.a(lib_a-strlen.o)
 .debug_line    0x0000000000011f19      0x178 /usr/lib/gcc/arm-none-eabi/4.9.3/../../../arm-none-eabi/lib/armv7e-m/fpu/libc_nano.a(lib_a-__atexit.o)
 .debug_line    0x0000000000012091      0x183 /usr/lib/gcc/arm-none-eabi/4.9.3/../../../arm-none-eabi/lib/armv7e-m/fpu/libc_nano.a(lib_a-__call_atexit.o)
 .debug_line    0x0000000000012214       0x60 /usr/lib/gcc/arm-none-eabi/4.9.3/../../../arm-none-eabi/lib/armv7e-m/fpu/libnosys.a(_exit.o)
 .debug_line    0x0000000000012274       0x65 /usr/lib/gcc/arm-none-eabi/4.9.3/armv7e-m/fpu/libgcc.a(_aeabi_uldivmod.o)
 .debug_line    0x00000000000122d9       0x65 /usr/lib/gcc/arm-none-eabi/4.9.3/armv7e-m/fpu/libgcc.a(bpabi.o)
 .debug_line    0x000000000001233e       0x61 /usr/lib/gcc/arm-none-eabi/4.9.3/armv7e-m/fpu/libgcc.a(_dvmd_tls.o)
 .debug_line    0x000000000001239f       0xe2 /usr/lib/gcc/arm-none-eabi/4.9.3/armv7e-m/fpu/libgcc.a(_divdi3.o)
 .debug_line    0x0000000000012481       0xd4 /usr/lib/gcc/arm-none-eabi/4.9.3/armv7e-m/fpu/libgcc.a(_udivdi3.o)

.debug_info     0x0000000000000000    0x23364
 .debug_info    0x0000000000000000       0xb0 /usr/lib/gcc/arm-none-eabi/4.9.3/../../../arm-none-eabi/lib/armv7e-m/fpu/crt0.o
 .debug_info    0x00000000000000b0      0xbe5 _build/nrf52832_xxaa/boards.c.o
 .debug_info    0x0000000000000c95      0x48f _build/nrf52832_xxaa/nrf_log_backend_rtt.c.o
 .debug_info    0x0000000000001124      0x850 _build/nrf52832_xxaa/nrf_log_backend_serial.c.o
 .debug_info    0x0000000000001974      0x33b _build/nrf52832_xxaa/nrf_log_default_backends.c.o
 .debug_info    0x0000000000001caf     0x3093 _build/nrf52832_xxaa/nrf_log_frontend.c.o
 .debug_info    0x0000000000004d42      0x80e _build/nrf52832_xxaa/nrf_log_str_formatter.c.o
 .debug_info    0x0000000000005550      0x6d8 _build/nrf52832_xxaa/app_button.c.o
 .debug_info    0x0000000000005c28      0x345 _build/nrf52832_xxaa/app_error.c.o
 .debug_info    0x0000000000005f6d      0x489 _build/nrf52832_xxaa/app_error_weak.c.o
 .debug_info    0x00000000000063f6     0x1ae6 _build/nrf52832_xxaa/app_timer.c.o
 .debug_info    0x0000000000007edc      0x957 _build/nrf52832_xxaa/app_util_platform.c.o
 .debug_info    0x0000000000008833      0x4c0 _build/nrf52832_xxaa/nrf_balloc.c.o
 .debug_info    0x0000000000008cf3      0x29c _build/nrf52832_xxaa/nrf_fprintf.c.o
 .debug_info    0x0000000000008f8f      0x959 _build/nrf52832_xxaa/nrf_fprintf_format.c.o
 .debug_info    0x00000000000098e8      0xa8a _build/nrf52832_xxaa/nrf_memobj.c.o
 .debug_info    0x000000000000a372     0x12bf _build/nrf52832_xxaa/nrf_pwr_mgmt.c.o
 .debug_info    0x000000000000b631      0x1f2 _build/nrf52832_xxaa/nrf_section_iter.c.o
 .debug_info    0x000000000000b823      0x274 _build/nrf52832_xxaa/nrf_strerror.c.o
 .debug_info    0x000000000000ba97     0x193f _build/nrf52832_xxaa/nrf_drv_clock.c.o
 .debug_info    0x000000000000d3d6      0x697 _build/nrf52832_xxaa/nrf_drv_common.c.o
 .debug_info    0x000000000000da6d     0x28a8 _build/nrf52832_xxaa/nrf_drv_gpiote.c.o
 .debug_info    0x0000000000010315     0x43cc _build/nrf52832_xxaa/nrf_drv_uart.c.o
 .debug_info    0x00000000000146e1     0x1827 _build/nrf52832_xxaa/bsp.c.o
 .debug_info    0x0000000000015f08     0x109b _build/nrf52832_xxaa/main.c.o
 .debug_info    0x0000000000016fa3     0x2af2 _build/nrf52832_xxaa/SEGGER_RTT.c.o
 .debug_info    0x0000000000019a95     0x1af9 _build/nrf52832_xxaa/ble_advdata.c.o
 .debug_info    0x000000000001b58e       0xc8 _build/nrf52832_xxaa/gcc_startup_nrf52.S.o
 .debug_info    0x000000000001b656     0x110b _build/nrf52832_xxaa/system_nrf52.c.o
 .debug_info    0x000000000001c761     0x16f7 _build/nrf52832_xxaa/nrf_sdh.c.o
 .debug_info    0x000000000001de58     0x25f9 _build/nrf52832_xxaa/nrf_sdh_ble.c.o
 .debug_info    0x0000000000020451      0x5de _build/nrf52832_xxaa/nrf_sdh_soc.c.o
 .debug_info    0x0000000000020a2f      0x10a /usr/lib/gcc/arm-none-eabi/4.9.3/../../../arm-none-eabi/lib/armv7e-m/fpu/libc_nano.a(lib_a-atexit.o)
 .debug_info    0x0000000000020b39       0x6f /usr/lib/gcc/arm-none-eabi/4.9.3/../../../arm-none-eabi/lib/armv7e-m/fpu/libc_nano.a(lib_a-ctype_.o)
 .debug_info    0x0000000000020ba8      0x7a6 /usr/lib/gcc/arm-none-eabi/4.9.3/../../../arm-none-eabi/lib/armv7e-m/fpu/libc_nano.a(lib_a-exit.o)
 .debug_info    0x000000000002134e       0xef /usr/lib/gcc/arm-none-eabi/4.9.3/../../../arm-none-eabi/lib/armv7e-m/fpu/libc_nano.a(lib_a-fini.o)
 .debug_info    0x000000000002143d      0x7d3 /usr/lib/gcc/arm-none-eabi/4.9.3/../../../arm-none-eabi/lib/armv7e-m/fpu/libc_nano.a(lib_a-impure.o)
 .debug_info    0x0000000000021c10      0x105 /usr/lib/gcc/arm-none-eabi/4.9.3/../../../arm-none-eabi/lib/armv7e-m/fpu/libc_nano.a(lib_a-init.o)
 .debug_info    0x0000000000021d15      0x104 /usr/lib/gcc/arm-none-eabi/4.9.3/../../../arm-none-eabi/lib/armv7e-m/fpu/libc_nano.a(lib_a-memcpy.o)
 .debug_info    0x0000000000021e19       0xd3 /usr/lib/gcc/arm-none-eabi/4.9.3/../../../arm-none-eabi/lib/armv7e-m/fpu/libc_nano.a(lib_a-memset.o)
 .debug_info    0x0000000000021eec       0xbd /usr/lib/gcc/arm-none-eabi/4.9.3/../../../arm-none-eabi/lib/armv7e-m/fpu/libc_nano.a(lib_a-strcpy.o)
 .debug_info    0x0000000000021fa9       0xcd /usr/lib/gcc/arm-none-eabi/4.9.3/../../../arm-none-eabi/lib/armv7e-m/fpu/libc_nano.a(lib_a-strlen.o)
 .debug_info    0x0000000000022076      0x23b /usr/lib/gcc/arm-none-eabi/4.9.3/../../../arm-none-eabi/lib/armv7e-m/fpu/libc_nano.a(lib_a-__atexit.o)
 .debug_info    0x00000000000222b1      0x241 /usr/lib/gcc/arm-none-eabi/4.9.3/../../../arm-none-eabi/lib/armv7e-m/fpu/libc_nano.a(lib_a-__call_atexit.o)
 .debug_info    0x00000000000224f2       0x58 /usr/lib/gcc/arm-none-eabi/4.9.3/../../../arm-none-eabi/lib/armv7e-m/fpu/libnosys.a(_exit.o)
 .debug_info    0x000000000002254a       0xbd /usr/lib/gcc/arm-none-eabi/4.9.3/armv7e-m/fpu/libgcc.a(_aeabi_uldivmod.o)
 .debug_info    0x0000000000022607      0x164 /usr/lib/gcc/arm-none-eabi/4.9.3/armv7e-m/fpu/libgcc.a(bpabi.o)
 .debug_info    0x000000000002276b       0xc1 /usr/lib/gcc/arm-none-eabi/4.9.3/armv7e-m/fpu/libgcc.a(_dvmd_tls.o)
 .debug_info    0x000000000002282c      0x5bc /usr/lib/gcc/arm-none-eabi/4.9.3/armv7e-m/fpu/libgcc.a(_divdi3.o)
 .debug_info    0x0000000000022de8      0x57c /usr/lib/gcc/arm-none-eabi/4.9.3/armv7e-m/fpu/libgcc.a(_udivdi3.o)

.debug_abbrev   0x0000000000000000     0x603d
 .debug_abbrev  0x0000000000000000       0x14 /usr/lib/gcc/arm-none-eabi/4.9.3/../../../arm-none-eabi/lib/armv7e-m/fpu/crt0.o
 .debug_abbrev  0x0000000000000014      0x274 _build/nrf52832_xxaa/boards.c.o
 .debug_abbrev  0x0000000000000288      0x227 _build/nrf52832_xxaa/nrf_log_backend_rtt.c.o
 .debug_abbrev  0x00000000000004af      0x20e _build/nrf52832_xxaa/nrf_log_backend_serial.c.o
 .debug_abbrev  0x00000000000006bd      0x1a2 _build/nrf52832_xxaa/nrf_log_default_backends.c.o
 .debug_abbrev  0x000000000000085f      0x4a5 _build/nrf52832_xxaa/nrf_log_frontend.c.o
 .debug_abbrev  0x0000000000000d04      0x1fe _build/nrf52832_xxaa/nrf_log_str_formatter.c.o
 .debug_abbrev  0x0000000000000f02      0x21e _build/nrf52832_xxaa/app_button.c.o
 .debug_abbrev  0x0000000000001120      0x130 _build/nrf52832_xxaa/app_error.c.o
 .debug_abbrev  0x0000000000001250      0x1ad _build/nrf52832_xxaa/app_error_weak.c.o
 .debug_abbrev  0x00000000000013fd      0x415 _build/nrf52832_xxaa/app_timer.c.o
 .debug_abbrev  0x0000000000001812      0x2a9 _build/nrf52832_xxaa/app_util_platform.c.o
 .debug_abbrev  0x0000000000001abb      0x237 _build/nrf52832_xxaa/nrf_balloc.c.o
 .debug_abbrev  0x0000000000001cf2      0x14a _build/nrf52832_xxaa/nrf_fprintf.c.o
 .debug_abbrev  0x0000000000001e3c      0x2bb _build/nrf52832_xxaa/nrf_fprintf_format.c.o
 .debug_abbrev  0x00000000000020f7      0x2e3 _build/nrf52832_xxaa/nrf_memobj.c.o
 .debug_abbrev  0x00000000000023da      0x3d7 _build/nrf52832_xxaa/nrf_pwr_mgmt.c.o
 .debug_abbrev  0x00000000000027b1       0xbf _build/nrf52832_xxaa/nrf_section_iter.c.o
 .debug_abbrev  0x0000000000002870      0x147 _build/nrf52832_xxaa/nrf_strerror.c.o
 .debug_abbrev  0x00000000000029b7      0x4f1 _build/nrf52832_xxaa/nrf_drv_clock.c.o
 .debug_abbrev  0x0000000000002ea8      0x1ab _build/nrf52832_xxaa/nrf_drv_common.c.o
 .debug_abbrev  0x0000000000003053      0x453 _build/nrf52832_xxaa/nrf_drv_gpiote.c.o
 .debug_abbrev  0x00000000000034a6      0x3c0 _build/nrf52832_xxaa/nrf_drv_uart.c.o
 .debug_abbrev  0x0000000000003866      0x436 _build/nrf52832_xxaa/bsp.c.o
 .debug_abbrev  0x0000000000003c9c      0x304 _build/nrf52832_xxaa/main.c.o
 .debug_abbrev  0x0000000000003fa0      0x30b _build/nrf52832_xxaa/SEGGER_RTT.c.o
 .debug_abbrev  0x00000000000042ab      0x37b _build/nrf52832_xxaa/ble_advdata.c.o
 .debug_abbrev  0x0000000000004626       0x14 _build/nrf52832_xxaa/gcc_startup_nrf52.S.o
 .debug_abbrev  0x000000000000463a      0x1d3 _build/nrf52832_xxaa/system_nrf52.c.o
 .debug_abbrev  0x000000000000480d      0x446 _build/nrf52832_xxaa/nrf_sdh.c.o
 .debug_abbrev  0x0000000000004c53      0x3ad _build/nrf52832_xxaa/nrf_sdh_ble.c.o
 .debug_abbrev  0x0000000000005000      0x1f1 _build/nrf52832_xxaa/nrf_sdh_soc.c.o
 .debug_abbrev  0x00000000000051f1       0xb8 /usr/lib/gcc/arm-none-eabi/4.9.3/../../../arm-none-eabi/lib/armv7e-m/fpu/libc_nano.a(lib_a-atexit.o)
 .debug_abbrev  0x00000000000052a9       0x4e /usr/lib/gcc/arm-none-eabi/4.9.3/../../../arm-none-eabi/lib/armv7e-m/fpu/libc_nano.a(lib_a-ctype_.o)
 .debug_abbrev  0x00000000000052f7      0x18b /usr/lib/gcc/arm-none-eabi/4.9.3/../../../arm-none-eabi/lib/armv7e-m/fpu/libc_nano.a(lib_a-exit.o)
 .debug_abbrev  0x0000000000005482       0xbd /usr/lib/gcc/arm-none-eabi/4.9.3/../../../arm-none-eabi/lib/armv7e-m/fpu/libc_nano.a(lib_a-fini.o)
 .debug_abbrev  0x000000000000553f      0x136 /usr/lib/gcc/arm-none-eabi/4.9.3/../../../arm-none-eabi/lib/armv7e-m/fpu/libc_nano.a(lib_a-impure.o)
 .debug_abbrev  0x0000000000005675       0xba /usr/lib/gcc/arm-none-eabi/4.9.3/../../../arm-none-eabi/lib/armv7e-m/fpu/libc_nano.a(lib_a-init.o)
 .debug_abbrev  0x000000000000572f       0xa4 /usr/lib/gcc/arm-none-eabi/4.9.3/../../../arm-none-eabi/lib/armv7e-m/fpu/libc_nano.a(lib_a-memcpy.o)
 .debug_abbrev  0x00000000000057d3       0x8e /usr/lib/gcc/arm-none-eabi/4.9.3/../../../arm-none-eabi/lib/armv7e-m/fpu/libc_nano.a(lib_a-memset.o)
 .debug_abbrev  0x0000000000005861       0x72 /usr/lib/gcc/arm-none-eabi/4.9.3/../../../arm-none-eabi/lib/armv7e-m/fpu/libc_nano.a(lib_a-strcpy.o)
 .debug_abbrev  0x00000000000058d3       0x8c /usr/lib/gcc/arm-none-eabi/4.9.3/../../../arm-none-eabi/lib/armv7e-m/fpu/libc_nano.a(lib_a-strlen.o)
 .debug_abbrev  0x000000000000595f      0x180 /usr/lib/gcc/arm-none-eabi/4.9.3/../../../arm-none-eabi/lib/armv7e-m/fpu/libc_nano.a(lib_a-__atexit.o)
 .debug_abbrev  0x0000000000005adf      0x16d /usr/lib/gcc/arm-none-eabi/4.9.3/../../../arm-none-eabi/lib/armv7e-m/fpu/libc_nano.a(lib_a-__call_atexit.o)
 .debug_abbrev  0x0000000000005c4c       0x55 /usr/lib/gcc/arm-none-eabi/4.9.3/../../../arm-none-eabi/lib/armv7e-m/fpu/libnosys.a(_exit.o)
 .debug_abbrev  0x0000000000005ca1       0x14 /usr/lib/gcc/arm-none-eabi/4.9.3/armv7e-m/fpu/libgcc.a(_aeabi_uldivmod.o)
 .debug_abbrev  0x0000000000005cb5       0xb7 /usr/lib/gcc/arm-none-eabi/4.9.3/armv7e-m/fpu/libgcc.a(bpabi.o)
 .debug_abbrev  0x0000000000005d6c       0x14 /usr/lib/gcc/arm-none-eabi/4.9.3/armv7e-m/fpu/libgcc.a(_dvmd_tls.o)
 .debug_abbrev  0x0000000000005d80      0x169 /usr/lib/gcc/arm-none-eabi/4.9.3/armv7e-m/fpu/libgcc.a(_divdi3.o)
 .debug_abbrev  0x0000000000005ee9      0x154 /usr/lib/gcc/arm-none-eabi/4.9.3/armv7e-m/fpu/libgcc.a(_udivdi3.o)

.debug_aranges  0x0000000000000000      0xc28
 .debug_aranges
                0x0000000000000000       0x20 /usr/lib/gcc/arm-none-eabi/4.9.3/../../../arm-none-eabi/lib/armv7e-m/fpu/crt0.o
 .debug_aranges
                0x0000000000000020       0x80 _build/nrf52832_xxaa/boards.c.o
 .debug_aranges
                0x00000000000000a0       0x40 _build/nrf52832_xxaa/nrf_log_backend_rtt.c.o
 .debug_aranges
                0x00000000000000e0       0x20 _build/nrf52832_xxaa/nrf_log_backend_serial.c.o
 .debug_aranges
                0x0000000000000100       0x20 _build/nrf52832_xxaa/nrf_log_default_backends.c.o
 .debug_aranges
                0x0000000000000120       0xb8 _build/nrf52832_xxaa/nrf_log_frontend.c.o
 .debug_aranges
                0x00000000000001d8       0x28 _build/nrf52832_xxaa/nrf_log_str_formatter.c.o
 .debug_aranges
                0x0000000000000200       0x48 _build/nrf52832_xxaa/app_button.c.o
 .debug_aranges
                0x0000000000000248       0x30 _build/nrf52832_xxaa/app_error.c.o
 .debug_aranges
                0x0000000000000278       0x20 _build/nrf52832_xxaa/app_error_weak.c.o
 .debug_aranges
                0x0000000000000298       0x70 _build/nrf52832_xxaa/app_timer.c.o
 .debug_aranges
                0x0000000000000308       0x48 _build/nrf52832_xxaa/app_util_platform.c.o
 .debug_aranges
                0x0000000000000350       0x30 _build/nrf52832_xxaa/nrf_balloc.c.o
 .debug_aranges
                0x0000000000000380       0x28 _build/nrf52832_xxaa/nrf_fprintf.c.o
 .debug_aranges
                0x00000000000003a8       0x28 _build/nrf52832_xxaa/nrf_fprintf_format.c.o
 .debug_aranges
                0x00000000000003d0       0x50 _build/nrf52832_xxaa/nrf_memobj.c.o
 .debug_aranges
                0x0000000000000420       0x48 _build/nrf52832_xxaa/nrf_pwr_mgmt.c.o
 .debug_aranges
                0x0000000000000468       0x28 _build/nrf52832_xxaa/nrf_section_iter.c.o
 .debug_aranges
                0x0000000000000490       0x28 _build/nrf52832_xxaa/nrf_strerror.c.o
 .debug_aranges
                0x00000000000004b8       0xa8 _build/nrf52832_xxaa/nrf_drv_clock.c.o
 .debug_aranges
                0x0000000000000560       0x28 _build/nrf52832_xxaa/nrf_drv_common.c.o
 .debug_aranges
                0x0000000000000588       0xd8 _build/nrf52832_xxaa/nrf_drv_gpiote.c.o
 .debug_aranges
                0x0000000000000660       0x78 _build/nrf52832_xxaa/nrf_drv_uart.c.o
 .debug_aranges
                0x00000000000006d8       0x78 _build/nrf52832_xxaa/bsp.c.o
 .debug_aranges
                0x0000000000000750       0x38 _build/nrf52832_xxaa/main.c.o
 .debug_aranges
                0x0000000000000788       0xe0 _build/nrf52832_xxaa/SEGGER_RTT.c.o
 .debug_aranges
                0x0000000000000868       0x60 _build/nrf52832_xxaa/ble_advdata.c.o
 .debug_aranges
                0x00000000000008c8       0x20 _build/nrf52832_xxaa/gcc_startup_nrf52.S.o
 .debug_aranges
                0x00000000000008e8       0x28 _build/nrf52832_xxaa/system_nrf52.c.o
 .debug_aranges
                0x0000000000000910       0x70 _build/nrf52832_xxaa/nrf_sdh.c.o
 .debug_aranges
                0x0000000000000980       0x50 _build/nrf52832_xxaa/nrf_sdh_ble.c.o
 .debug_aranges
                0x00000000000009d0       0x28 _build/nrf52832_xxaa/nrf_sdh_soc.c.o
 .debug_aranges
                0x00000000000009f8       0x20 /usr/lib/gcc/arm-none-eabi/4.9.3/../../../arm-none-eabi/lib/armv7e-m/fpu/libc_nano.a(lib_a-atexit.o)
 .debug_aranges
                0x0000000000000a18       0x18 /usr/lib/gcc/arm-none-eabi/4.9.3/../../../arm-none-eabi/lib/armv7e-m/fpu/libc_nano.a(lib_a-ctype_.o)
 .debug_aranges
                0x0000000000000a30       0x20 /usr/lib/gcc/arm-none-eabi/4.9.3/../../../arm-none-eabi/lib/armv7e-m/fpu/libc_nano.a(lib_a-exit.o)
 .debug_aranges
                0x0000000000000a50       0x20 /usr/lib/gcc/arm-none-eabi/4.9.3/../../../arm-none-eabi/lib/armv7e-m/fpu/libc_nano.a(lib_a-fini.o)
 .debug_aranges
                0x0000000000000a70       0x18 /usr/lib/gcc/arm-none-eabi/4.9.3/../../../arm-none-eabi/lib/armv7e-m/fpu/libc_nano.a(lib_a-impure.o)
 .debug_aranges
                0x0000000000000a88       0x20 /usr/lib/gcc/arm-none-eabi/4.9.3/../../../arm-none-eabi/lib/armv7e-m/fpu/libc_nano.a(lib_a-init.o)
 .debug_aranges
                0x0000000000000aa8       0x20 /usr/lib/gcc/arm-none-eabi/4.9.3/../../../arm-none-eabi/lib/armv7e-m/fpu/libc_nano.a(lib_a-memcpy.o)
 .debug_aranges
                0x0000000000000ac8       0x20 /usr/lib/gcc/arm-none-eabi/4.9.3/../../../arm-none-eabi/lib/armv7e-m/fpu/libc_nano.a(lib_a-memset.o)
 .debug_aranges
                0x0000000000000ae8       0x20 /usr/lib/gcc/arm-none-eabi/4.9.3/../../../arm-none-eabi/lib/armv7e-m/fpu/libc_nano.a(lib_a-strcpy.o)
 .debug_aranges
                0x0000000000000b08       0x20 /usr/lib/gcc/arm-none-eabi/4.9.3/../../../arm-none-eabi/lib/armv7e-m/fpu/libc_nano.a(lib_a-strlen.o)
 .debug_aranges
                0x0000000000000b28       0x20 /usr/lib/gcc/arm-none-eabi/4.9.3/../../../arm-none-eabi/lib/armv7e-m/fpu/libc_nano.a(lib_a-__atexit.o)
 .debug_aranges
                0x0000000000000b48       0x20 /usr/lib/gcc/arm-none-eabi/4.9.3/../../../arm-none-eabi/lib/armv7e-m/fpu/libc_nano.a(lib_a-__call_atexit.o)
 .debug_aranges
                0x0000000000000b68       0x20 /usr/lib/gcc/arm-none-eabi/4.9.3/../../../arm-none-eabi/lib/armv7e-m/fpu/libnosys.a(_exit.o)
 .debug_aranges
                0x0000000000000b88       0x20 /usr/lib/gcc/arm-none-eabi/4.9.3/armv7e-m/fpu/libgcc.a(_aeabi_uldivmod.o)
 .debug_aranges
                0x0000000000000ba8       0x20 /usr/lib/gcc/arm-none-eabi/4.9.3/armv7e-m/fpu/libgcc.a(bpabi.o)
 .debug_aranges
                0x0000000000000bc8       0x20 /usr/lib/gcc/arm-none-eabi/4.9.3/armv7e-m/fpu/libgcc.a(_dvmd_tls.o)
 .debug_aranges
                0x0000000000000be8       0x20 /usr/lib/gcc/arm-none-eabi/4.9.3/armv7e-m/fpu/libgcc.a(_divdi3.o)
 .debug_aranges
                0x0000000000000c08       0x20 /usr/lib/gcc/arm-none-eabi/4.9.3/armv7e-m/fpu/libgcc.a(_udivdi3.o)

.debug_loc      0x0000000000000000    0x156ac
 .debug_loc     0x0000000000000000      0x751 _build/nrf52832_xxaa/boards.c.o
 .debug_loc     0x0000000000000751      0x114 _build/nrf52832_xxaa/nrf_log_backend_rtt.c.o
 .debug_loc     0x0000000000000865      0x185 _build/nrf52832_xxaa/nrf_log_backend_serial.c.o
 .debug_loc     0x00000000000009ea       0x15 _build/nrf52832_xxaa/nrf_log_default_backends.c.o
 .debug_loc     0x00000000000009ff     0x325d _build/nrf52832_xxaa/nrf_log_frontend.c.o
 .debug_loc     0x0000000000003c5c      0x5f2 _build/nrf52832_xxaa/nrf_log_str_formatter.c.o
 .debug_loc     0x000000000000424e      0x3ab _build/nrf52832_xxaa/app_button.c.o
 .debug_loc     0x00000000000045f9      0x145 _build/nrf52832_xxaa/app_error.c.o
 .debug_loc     0x000000000000473e       0x63 _build/nrf52832_xxaa/app_error_weak.c.o
 .debug_loc     0x00000000000047a1      0xe8c _build/nrf52832_xxaa/app_timer.c.o
 .debug_loc     0x000000000000562d       0xe4 _build/nrf52832_xxaa/app_util_platform.c.o
 .debug_loc     0x0000000000005711      0x1a6 _build/nrf52832_xxaa/nrf_balloc.c.o
 .debug_loc     0x00000000000058b7       0x3f _build/nrf52832_xxaa/nrf_fprintf.c.o
 .debug_loc     0x00000000000058f6      0xc2e _build/nrf52832_xxaa/nrf_fprintf_format.c.o
 .debug_loc     0x0000000000006524      0xace _build/nrf52832_xxaa/nrf_memobj.c.o
 .debug_loc     0x0000000000006ff2       0xac _build/nrf52832_xxaa/nrf_pwr_mgmt.c.o
 .debug_loc     0x000000000000709e      0x23a _build/nrf52832_xxaa/nrf_strerror.c.o
 .debug_loc     0x00000000000072d8      0x4b7 _build/nrf52832_xxaa/nrf_drv_clock.c.o
 .debug_loc     0x000000000000778f       0xd6 _build/nrf52832_xxaa/nrf_drv_common.c.o
 .debug_loc     0x0000000000007865     0x1e5d _build/nrf52832_xxaa/nrf_drv_gpiote.c.o
 .debug_loc     0x00000000000096c2     0x2bcc _build/nrf52832_xxaa/nrf_drv_uart.c.o
 .debug_loc     0x000000000000c28e      0xc15 _build/nrf52832_xxaa/bsp.c.o
 .debug_loc     0x000000000000cea3      0x173 _build/nrf52832_xxaa/main.c.o
 .debug_loc     0x000000000000d016     0x4675 _build/nrf52832_xxaa/SEGGER_RTT.c.o
 .debug_loc     0x000000000001168b     0x19b3 _build/nrf52832_xxaa/ble_advdata.c.o
 .debug_loc     0x000000000001303e      0x272 _build/nrf52832_xxaa/nrf_sdh.c.o
 .debug_loc     0x00000000000132b0      0x29f _build/nrf52832_xxaa/nrf_sdh_ble.c.o
 .debug_loc     0x000000000001354f       0x74 _build/nrf52832_xxaa/nrf_sdh_soc.c.o
 .debug_loc     0x00000000000135c3       0x2c /usr/lib/gcc/arm-none-eabi/4.9.3/../../../arm-none-eabi/lib/armv7e-m/fpu/libc_nano.a(lib_a-atexit.o)
 .debug_loc     0x00000000000135ef       0x1e /usr/lib/gcc/arm-none-eabi/4.9.3/../../../arm-none-eabi/lib/armv7e-m/fpu/libc_nano.a(lib_a-exit.o)
 .debug_loc     0x000000000001360d       0x3e /usr/lib/gcc/arm-none-eabi/4.9.3/../../../arm-none-eabi/lib/armv7e-m/fpu/libc_nano.a(lib_a-fini.o)
 .debug_loc     0x000000000001364b       0x54 /usr/lib/gcc/arm-none-eabi/4.9.3/../../../arm-none-eabi/lib/armv7e-m/fpu/libc_nano.a(lib_a-init.o)
 .debug_loc     0x000000000001369f       0x87 /usr/lib/gcc/arm-none-eabi/4.9.3/../../../arm-none-eabi/lib/armv7e-m/fpu/libc_nano.a(lib_a-memcpy.o)
 .debug_loc     0x0000000000013726       0x57 /usr/lib/gcc/arm-none-eabi/4.9.3/../../../arm-none-eabi/lib/armv7e-m/fpu/libc_nano.a(lib_a-memset.o)
 .debug_loc     0x000000000001377d       0x21 /usr/lib/gcc/arm-none-eabi/4.9.3/../../../arm-none-eabi/lib/armv7e-m/fpu/libc_nano.a(lib_a-strcpy.o)
 .debug_loc     0x000000000001379e       0x21 /usr/lib/gcc/arm-none-eabi/4.9.3/../../../arm-none-eabi/lib/armv7e-m/fpu/libc_nano.a(lib_a-strlen.o)
 .debug_loc     0x00000000000137bf      0x1a2 /usr/lib/gcc/arm-none-eabi/4.9.3/../../../arm-none-eabi/lib/armv7e-m/fpu/libc_nano.a(lib_a-__atexit.o)
 .debug_loc     0x0000000000013961      0x16c /usr/lib/gcc/arm-none-eabi/4.9.3/../../../arm-none-eabi/lib/armv7e-m/fpu/libc_nano.a(lib_a-__call_atexit.o)
 .debug_loc     0x0000000000013acd       0xa0 /usr/lib/gcc/arm-none-eabi/4.9.3/armv7e-m/fpu/libgcc.a(bpabi.o)
 .debug_loc     0x0000000000013b6d      0xdef /usr/lib/gcc/arm-none-eabi/4.9.3/armv7e-m/fpu/libgcc.a(_divdi3.o)
 .debug_loc     0x000000000001495c      0xd50 /usr/lib/gcc/arm-none-eabi/4.9.3/armv7e-m/fpu/libgcc.a(_udivdi3.o)

.debug_ranges   0x0000000000000000     0x3d28
 .debug_ranges  0x0000000000000000      0x160 _build/nrf52832_xxaa/boards.c.o
 .debug_ranges  0x0000000000000160       0x30 _build/nrf52832_xxaa/nrf_log_backend_rtt.c.o
 .debug_ranges  0x0000000000000190       0x28 _build/nrf52832_xxaa/nrf_log_backend_serial.c.o
 .debug_ranges  0x00000000000001b8       0x10 _build/nrf52832_xxaa/nrf_log_default_backends.c.o
 .debug_ranges  0x00000000000001c8      0x980 _build/nrf52832_xxaa/nrf_log_frontend.c.o
 .debug_ranges  0x0000000000000b48       0xe8 _build/nrf52832_xxaa/nrf_log_str_formatter.c.o
 .debug_ranges  0x0000000000000c30       0xa0 _build/nrf52832_xxaa/app_button.c.o
 .debug_ranges  0x0000000000000cd0       0x20 _build/nrf52832_xxaa/app_error.c.o
 .debug_ranges  0x0000000000000cf0       0x10 _build/nrf52832_xxaa/app_error_weak.c.o
 .debug_ranges  0x0000000000000d00      0x4f0 _build/nrf52832_xxaa/app_timer.c.o
 .debug_ranges  0x00000000000011f0       0x80 _build/nrf52832_xxaa/app_util_platform.c.o
 .debug_ranges  0x0000000000001270       0x70 _build/nrf52832_xxaa/nrf_balloc.c.o
 .debug_ranges  0x00000000000012e0       0x18 _build/nrf52832_xxaa/nrf_fprintf.c.o
 .debug_ranges  0x00000000000012f8      0x1d8 _build/nrf52832_xxaa/nrf_fprintf_format.c.o
 .debug_ranges  0x00000000000014d0       0x78 _build/nrf52832_xxaa/nrf_memobj.c.o
 .debug_ranges  0x0000000000001548       0x80 _build/nrf52832_xxaa/nrf_pwr_mgmt.c.o
 .debug_ranges  0x00000000000015c8       0x18 _build/nrf52832_xxaa/nrf_section_iter.c.o
 .debug_ranges  0x00000000000015e0       0x88 _build/nrf52832_xxaa/nrf_strerror.c.o
 .debug_ranges  0x0000000000001668      0x3b0 _build/nrf52832_xxaa/nrf_drv_clock.c.o
 .debug_ranges  0x0000000000001a18       0x38 _build/nrf52832_xxaa/nrf_drv_common.c.o
 .debug_ranges  0x0000000000001a50      0x8b8 _build/nrf52832_xxaa/nrf_drv_gpiote.c.o
 .debug_ranges  0x0000000000002308      0x858 _build/nrf52832_xxaa/nrf_drv_uart.c.o
 .debug_ranges  0x0000000000002b60      0x2d8 _build/nrf52832_xxaa/bsp.c.o
 .debug_ranges  0x0000000000002e38       0x70 _build/nrf52832_xxaa/main.c.o
 .debug_ranges  0x0000000000002ea8      0x578 _build/nrf52832_xxaa/SEGGER_RTT.c.o
 .debug_ranges  0x0000000000003420      0x308 _build/nrf52832_xxaa/ble_advdata.c.o
 .debug_ranges  0x0000000000003728      0x148 _build/nrf52832_xxaa/system_nrf52.c.o
 .debug_ranges  0x0000000000003870      0x1a8 _build/nrf52832_xxaa/nrf_sdh.c.o
 .debug_ranges  0x0000000000003a18       0xa0 _build/nrf52832_xxaa/nrf_sdh_ble.c.o
 .debug_ranges  0x0000000000003ab8       0x18 _build/nrf52832_xxaa/nrf_sdh_soc.c.o
 .debug_ranges  0x0000000000003ad0       0x10 /usr/lib/gcc/arm-none-eabi/4.9.3/../../../arm-none-eabi/lib/armv7e-m/fpu/libc_nano.a(lib_a-atexit.o)
 .debug_ranges  0x0000000000003ae0       0x10 /usr/lib/gcc/arm-none-eabi/4.9.3/../../../arm-none-eabi/lib/armv7e-m/fpu/libc_nano.a(lib_a-exit.o)
 .debug_ranges  0x0000000000003af0       0x10 /usr/lib/gcc/arm-none-eabi/4.9.3/../../../arm-none-eabi/lib/armv7e-m/fpu/libc_nano.a(lib_a-fini.o)
 .debug_ranges  0x0000000000003b00       0x10 /usr/lib/gcc/arm-none-eabi/4.9.3/../../../arm-none-eabi/lib/armv7e-m/fpu/libc_nano.a(lib_a-init.o)
 .debug_ranges  0x0000000000003b10       0x10 /usr/lib/gcc/arm-none-eabi/4.9.3/../../../arm-none-eabi/lib/armv7e-m/fpu/libc_nano.a(lib_a-memcpy.o)
 .debug_ranges  0x0000000000003b20       0x10 /usr/lib/gcc/arm-none-eabi/4.9.3/../../../arm-none-eabi/lib/armv7e-m/fpu/libc_nano.a(lib_a-memset.o)
 .debug_ranges  0x0000000000003b30       0x10 /usr/lib/gcc/arm-none-eabi/4.9.3/../../../arm-none-eabi/lib/armv7e-m/fpu/libc_nano.a(lib_a-strcpy.o)
 .debug_ranges  0x0000000000003b40       0x10 /usr/lib/gcc/arm-none-eabi/4.9.3/../../../arm-none-eabi/lib/armv7e-m/fpu/libc_nano.a(lib_a-strlen.o)
 .debug_ranges  0x0000000000003b50       0x10 /usr/lib/gcc/arm-none-eabi/4.9.3/../../../arm-none-eabi/lib/armv7e-m/fpu/libc_nano.a(lib_a-__atexit.o)
 .debug_ranges  0x0000000000003b60       0x10 /usr/lib/gcc/arm-none-eabi/4.9.3/../../../arm-none-eabi/lib/armv7e-m/fpu/libc_nano.a(lib_a-__call_atexit.o)
 .debug_ranges  0x0000000000003b70       0x10 /usr/lib/gcc/arm-none-eabi/4.9.3/../../../arm-none-eabi/lib/armv7e-m/fpu/libnosys.a(_exit.o)
 .debug_ranges  0x0000000000003b80       0xd0 /usr/lib/gcc/arm-none-eabi/4.9.3/armv7e-m/fpu/libgcc.a(_divdi3.o)
 .debug_ranges  0x0000000000003c50       0xd8 /usr/lib/gcc/arm-none-eabi/4.9.3/armv7e-m/fpu/libgcc.a(_udivdi3.o)

.debug_macro    0x0000000000000000    0x1ad48
 .debug_macro   0x0000000000000000      0x27a _build/nrf52832_xxaa/boards.c.o
 .debug_macro   0x000000000000027a      0x8b0 _build/nrf52832_xxaa/boards.c.o
 .debug_macro   0x0000000000000b2a       0x22 _build/nrf52832_xxaa/boards.c.o
 .debug_macro   0x0000000000000b4c       0x2d _build/nrf52832_xxaa/boards.c.o
 .debug_macro   0x0000000000000b79       0x22 _build/nrf52832_xxaa/boards.c.o
 .debug_macro   0x0000000000000b9b       0x44 _build/nrf52832_xxaa/boards.c.o
 .debug_macro   0x0000000000000bdf       0xe3 _build/nrf52832_xxaa/boards.c.o
 .debug_macro   0x0000000000000cc2       0x22 _build/nrf52832_xxaa/boards.c.o
 .debug_macro   0x0000000000000ce4      0x1df _build/nrf52832_xxaa/boards.c.o
 .debug_macro   0x0000000000000ec3       0x35 _build/nrf52832_xxaa/boards.c.o
 .debug_macro   0x0000000000000ef8       0x50 _build/nrf52832_xxaa/boards.c.o
 .debug_macro   0x0000000000000f48      0xe66 _build/nrf52832_xxaa/boards.c.o
 .debug_macro   0x0000000000001dae      0x392 _build/nrf52832_xxaa/boards.c.o
 .debug_macro   0x0000000000002140     0xcc94 _build/nrf52832_xxaa/boards.c.o
 .debug_macro   0x000000000000edd4     0x1313 _build/nrf52832_xxaa/boards.c.o
 .debug_macro   0x00000000000100e7       0x82 _build/nrf52832_xxaa/boards.c.o
 .debug_macro   0x0000000000010169       0x22 _build/nrf52832_xxaa/boards.c.o
 .debug_macro   0x000000000001018b      0x372 _build/nrf52832_xxaa/boards.c.o
 .debug_macro   0x00000000000104fd       0x58 _build/nrf52832_xxaa/boards.c.o
 .debug_macro   0x0000000000010555       0x35 _build/nrf52832_xxaa/boards.c.o
 .debug_macro   0x000000000001058a       0x9c _build/nrf52832_xxaa/boards.c.o
 .debug_macro   0x0000000000010626       0x16 _build/nrf52832_xxaa/boards.c.o
 .debug_macro   0x000000000001063c       0x97 _build/nrf52832_xxaa/boards.c.o
 .debug_macro   0x00000000000106d3      0x29d _build/nrf52832_xxaa/boards.c.o
 .debug_macro   0x0000000000010970       0xef _build/nrf52832_xxaa/boards.c.o
 .debug_macro   0x0000000000010a5f       0x10 _build/nrf52832_xxaa/boards.c.o
 .debug_macro   0x0000000000010a6f       0x52 _build/nrf52832_xxaa/boards.c.o